Component: ARM Compiler 5.06 update 4 (build 422) Tool: armlink [4d35d2]

==============================================================================

Section Cross References

    cmsis_nvic.o(i.NVIC_SetVector) refers to cmsis_nvic.o(.ARM.__AT_0x10000000) for .ARM.__AT_0x10000000
    startup_LPC17xx.o(RESET) refers to startup_LPC17xx.o(.text) for Reset_Handler
    startup_LPC17xx.o(.text) refers to system_LPC17xx.o(i.SystemInit) for SystemInit
    startup_LPC17xx.o(.text) refers to __main.o(!!!main) for __main
    system_LPC17xx.o(i.SystemCoreClockUpdate) refers to system_LPC17xx.o(.data) for .data
    motor.o(i._ZN5Motor5brakeEv) refers to motor.o(i._ZN4mbed10DigitalOutaSEi) for mbed::DigitalOut::operator =(int)
    motor.o(i._ZN5Motor5coastEv) refers to motor.o(i._ZN4mbed10DigitalOutaSEi) for mbed::DigitalOut::operator =(int)
    motor.o(i._ZN5Motor5speedEf) refers to frleqf.o(x$fpl$frleqf) for __aeabi_cfrcmple
    motor.o(i._ZN5Motor5speedEf) refers to PwmOut.LPC1768.o(i._ZN4mbed6PwmOutaSEf) for mbed::PwmOut::operator =(float)
    motor.o(i._ZN5Motor5speedEf) refers to motor.o(i._ZN4mbed10DigitalOutaSEi) for mbed::DigitalOut::operator =(int)
    motor.o(i._ZN5MotorC1E7PinNameS0_S0_) refers to PwmOut.LPC1768.o(i._ZN4mbed6PwmOutC1E7PinNamePKc) for mbed::PwmOut::PwmOut(PinName, const char*)
    motor.o(i._ZN5MotorC1E7PinNameS0_S0_) refers to DigitalOut.LPC1768.o(i._ZN4mbed10DigitalOutC1E7PinNamePKc) for mbed::DigitalOut::DigitalOut(PinName, const char*)
    motor.o(i._ZN5MotorC1E7PinNameS0_S0_) refers to PwmOut.LPC1768.o(i._ZN4mbed6PwmOut6periodEf) for mbed::PwmOut::period(float)
    motor.o(i._ZN5MotorC1E7PinNameS0_S0_) refers to PwmOut.LPC1768.o(i._ZN4mbed6PwmOutaSEf) for mbed::PwmOut::operator =(float)
    motor.o(.ARM.exidx) refers to motor.o(i._ZN5MotorC1E7PinNameS0_S0_) for i._ZN5MotorC1E7PinNameS0_S0_
    motor.o(.ARM.exidx) refers to motor.o(i._ZN5Motor5speedEf) for i._ZN5Motor5speedEf
    motor.o(.ARM.exidx) refers to motor.o(i._ZN5Motor5coastEv) for i._ZN5Motor5coastEv
    motor.o(.ARM.exidx) refers to motor.o(i._ZN5Motor5brakeEv) for i._ZN5Motor5brakeEv
    pid.o(i._ZN3PID10setTuningsEfff) refers to f2d.o(x$fpl$f2d) for __aeabi_f2d
    pid.o(i._ZN3PID10setTuningsEfff) refers to deqf.o(x$fpl$deqf) for __aeabi_cdcmpeq
    pid.o(i._ZN3PID10setTuningsEfff) refers to dleqf.o(x$fpl$dleqf) for __aeabi_cdcmple
    pid.o(i._ZN3PID10setTuningsEfff) refers to ddiv.o(x$fpl$ddiv) for __aeabi_ddiv
    pid.o(i._ZN3PID10setTuningsEfff) refers to dmul.o(x$fpl$dmul) for __aeabi_dmul
    pid.o(i._ZN3PID10setTuningsEfff) refers to d2f.o(x$fpl$d2f) for __aeabi_d2f
    pid.o(i._ZN3PID10setTuningsEfff) refers to fmul.o(x$fpl$fmul) for __aeabi_fmul
    pid.o(i._ZN3PID10setTuningsEfff) refers to fdiv.o(x$fpl$fdiv) for __aeabi_fdiv
    pid.o(i._ZN3PID11setIntervalEf) refers to frleqf.o(x$fpl$frleqf) for __aeabi_cfrcmple
    pid.o(i._ZN3PID11setIntervalEf) refers to fdiv.o(x$fpl$fdiv) for __aeabi_fdiv
    pid.o(i._ZN3PID11setIntervalEf) refers to fmul.o(x$fpl$fmul) for __aeabi_fmul
    pid.o(i._ZN3PID14setInputLimitsEff) refers to frleqf.o(x$fpl$frleqf) for __aeabi_cfrcmple
    pid.o(i._ZN3PID14setInputLimitsEff) refers to faddsub_clz.o(x$fpl$fsub) for __aeabi_fsub
    pid.o(i._ZN3PID14setInputLimitsEff) refers to fdiv.o(x$fpl$fdiv) for __aeabi_fdiv
    pid.o(i._ZN3PID14setInputLimitsEff) refers to fmul.o(x$fpl$fmul) for __aeabi_fmul
    pid.o(i._ZN3PID14setInputLimitsEff) refers to fleqf.o(x$fpl$fleqf) for __aeabi_cfcmple
    pid.o(i._ZN3PID15setOutputLimitsEff) refers to frleqf.o(x$fpl$frleqf) for __aeabi_cfrcmple
    pid.o(i._ZN3PID15setOutputLimitsEff) refers to faddsub_clz.o(x$fpl$fsub) for __aeabi_fsub
    pid.o(i._ZN3PID15setOutputLimitsEff) refers to fdiv.o(x$fpl$fdiv) for __aeabi_fdiv
    pid.o(i._ZN3PID15setOutputLimitsEff) refers to fmul.o(x$fpl$fmul) for __aeabi_fmul
    pid.o(i._ZN3PID15setOutputLimitsEff) refers to fleqf.o(x$fpl$fleqf) for __aeabi_cfcmple
    pid.o(i._ZN3PID5resetEv) refers to faddsub_clz.o(x$fpl$fsub) for __aeabi_fsub
    pid.o(i._ZN3PID5resetEv) refers to fdiv.o(x$fpl$fdiv) for __aeabi_fdiv
    pid.o(i._ZN3PID7computeEv) refers to faddsub_clz.o(x$fpl$fsub) for __aeabi_fsub
    pid.o(i._ZN3PID7computeEv) refers to fdiv.o(x$fpl$fdiv) for __aeabi_fdiv
    pid.o(i._ZN3PID7computeEv) refers to f2d.o(x$fpl$f2d) for __aeabi_f2d
    pid.o(i._ZN3PID7computeEv) refers to drleqf.o(x$fpl$drleqf) for __aeabi_cdrcmple
    pid.o(i._ZN3PID7computeEv) refers to dleqf.o(x$fpl$dleqf) for __aeabi_cdcmple
    pid.o(i._ZN3PID7computeEv) refers to frleqf.o(x$fpl$frleqf) for __aeabi_cfrcmple
    pid.o(i._ZN3PID7computeEv) refers to fleqf.o(x$fpl$fleqf) for __aeabi_cfcmple
    pid.o(i._ZN3PID7computeEv) refers to faddsub_clz.o(x$fpl$fadd) for __aeabi_fadd
    pid.o(i._ZN3PID7computeEv) refers to fmul.o(x$fpl$fmul) for __aeabi_fmul
    pid.o(i._ZN3PID7setModeEi) refers to pid.o(i._ZN3PID5resetEv) for PID::reset()
[...]
    std::vector<mbed::DigitalInOut*, std::allocator<mbed::DigitalInOut*>>::~vector() 0x00008873   Thumb Code    50  qtrsensors.o(t._ZNSt6vectorIPN4mbed12DigitalInOutESaIS2_EED1Ev)
    std::vector<mbed::DigitalInOut*, std::allocator<mbed::DigitalInOut*>>::~vector__sub_object() 0x00008873   Thumb Code     0  qtrsensors.o(t._ZNSt6vectorIPN4mbed12DigitalInOutESaIS2_EED1Ev)
    std::vector<mbed::DigitalInOut*, std::allocator<mbed::DigitalInOut*>>::operator =(const std::vector<mbed::DigitalInOut*, std::allocator<mbed::DigitalInOut*>>&) 0x000088a5   Thumb Code   370  qtrsensors.o(t._ZNSt6vectorIPN4mbed12DigitalInOutESaIS2_EEaSERKS4_)
    std::vector<mbed::DigitalInOut*, std::allocator<mbed::DigitalInOut*>>::operator [](unsigned) 0x00008a17   Thumb Code    18  qtrsensors.o(t._ZNSt6vectorIPN4mbed12DigitalInOutESaIS2_EEixEj)
    std::vector<mbed::AnalogIn*, std::allocator<mbed::AnalogIn*>>::_C_destroy(mbed::AnalogIn**, mbed::AnalogIn**) 0x00008a29   Thumb Code    18  qtrsensors.o(t._ZNSt6vectorIPN4mbed8AnalogInESaIS2_EE10_C_destroyEPS2_S5_)
    std::vector<mbed::AnalogIn*, std::allocator<mbed::AnalogIn*>>::_C_insert_aux(mbed::AnalogIn**, mbed::AnalogIn*const &) 0x00008a3b   Thumb Code   278  qtrsensors.o(t._ZNSt6vectorIPN4mbed8AnalogInESaIS2_EE13_C_insert_auxEPS2_RKS2_)
    std::vector<mbed::AnalogIn*, std::allocator<mbed::AnalogIn*>>::end() 0x00008b51   Thumb Code     8  qtrsensors.o(t._ZNSt6vectorIPN4mbed8AnalogInESaIS2_EE3endEv)
    std::vector<mbed::AnalogIn*, std::allocator<mbed::AnalogIn*>>::swap(std::vector<mbed::AnalogIn*, std::allocator<mbed::AnalogIn*>>&) 0x00008b59   Thumb Code    88  qtrsensors.o(t._ZNSt6vectorIPN4mbed8AnalogInESaIS2_EE4swapERS4_)
    std::vector<mbed::AnalogIn*, std::allocator<mbed::AnalogIn*>>::begin() 0x00008bb1   Thumb Code     8  qtrsensors.o(t._ZNSt6vectorIPN4mbed8AnalogInESaIS2_EE5beginEv)
    std::vector<mbed::AnalogIn*, std::allocator<mbed::AnalogIn*>>::erase(mbed::AnalogIn**, mbed::AnalogIn**) 0x00008bb9   Thumb Code   106  qtrsensors.o(t._ZNSt6vectorIPN4mbed8AnalogInESaIS2_EE5eraseEPS2_S5_)
    std::vector<mbed::AnalogIn*, std::allocator<mbed::AnalogIn*>>::reserve(unsigned) 0x00008c25   Thumb Code   208  qtrsensors.o(t._ZNSt6vectorIPN4mbed8AnalogInESaIS2_EE7reserveEj)
    std::vector<mbed::AnalogIn*, std::allocator<mbed::AnalogIn*>>::vector(const std::allocator<mbed::AnalogIn*>&) 0x00008cf9   Thumb Code    16  qtrsensors.o(t._ZNSt6vectorIPN4mbed8AnalogInESaIS2_EEC1ERKS3_)
    std::vector<mbed::AnalogIn*, std::allocator<mbed::AnalogIn*>>::vector__sub_object(const std::allocator<mbed::AnalogIn*>&) 0x00008cf9   Thumb Code     0  qtrsensors.o(t._ZNSt6vectorIPN4mbed8AnalogInESaIS2_EEC1ERKS3_)
    std::vector<mbed::AnalogIn*, std::allocator<mbed::AnalogIn*>>::vector(const std::vector<mbed::AnalogIn*, std::allocator<mbed::AnalogIn*>>&) 0x00008d09   Thumb Code   130  qtrsensors.o(t._ZNSt6vectorIPN4mbed8AnalogInESaIS2_EEC1ERKS4_)
    std::vector<mbed::AnalogIn*, std::allocator<mbed::AnalogIn*>>::vector__sub_object(const std::vector<mbed::AnalogIn*, std::allocator<mbed::AnalogIn*>>&) 0x00008d09   Thumb Code     0  qtrsensors.o(t._ZNSt6vectorIPN4mbed8AnalogInESaIS2_EEC1ERKS4_)
    std::vector<mbed::AnalogIn*, std::allocator<mbed::AnalogIn*>>::~vector() 0x00008d8b   Thumb Code    50  qtrsensors.o(t._ZNSt6vectorIPN4mbed8AnalogInESaIS2_EED1Ev)
    std::vector<mbed::AnalogIn*, std::allocator<mbed::AnalogIn*>>::~vector__sub_object() 0x00008d8b   Thumb Code     0  qtrsensors.o(t._ZNSt6vectorIPN4mbed8AnalogInESaIS2_EED1Ev)
    std::vector<mbed::AnalogIn*, std::allocator<mbed::AnalogIn*>>::operator =(const std::vector<mbed::AnalogIn*, std::allocator<mbed::AnalogIn*>>&) 0x00008dbd   Thumb Code   370  qtrsensors.o(t._ZNSt6vectorIPN4mbed8AnalogInESaIS2_EEaSERKS4_)
    std::vector<mbed::AnalogIn*, std::allocator<mbed::AnalogIn*>>::operator [](unsigned) 0x00008f2f   Thumb Code    18  qtrsensors.o(t._ZNSt6vectorIPN4mbed8AnalogInESaIS2_EEixEj)
    T2 std::uninitialized_copy<mbed::DigitalInOut*const *, mbed::DigitalInOut**, std::allocator<mbed::DigitalInOut*>>(T1, T1, T2, T3&) 0x00008f41   Thumb Code    44  qtrsensors.o(t._ZSt18uninitialized_copyIPKPN4mbed12DigitalInOutEPS2_SaIS2_EET0_T_S8_S7_RT1_)
    T2 std::uninitialized_copy<mbed::AnalogIn*const *, mbed::AnalogIn**, std::allocator<mbed::AnalogIn*>>(T1, T1, T2, T3&) 0x00008f6d   Thumb Code    44  qtrsensors.o(t._ZSt18uninitialized_copyIPKPN4mbed8AnalogInEPS2_SaIS2_EET0_T_S8_S7_RT1_)
    T2 std::uninitialized_copy<mbed::DigitalInOut**, mbed::DigitalInOut**, std::allocator<mbed::DigitalInOut*>>(T1, T1, T2, T3&) 0x00008f99   Thumb Code    44  qtrsensors.o(t._ZSt18uninitialized_copyIPPN4mbed12DigitalInOutES3_SaIS2_EET0_T_S6_S5_RT1_)
    T2 std::uninitialized_copy<mbed::AnalogIn**, mbed::AnalogIn**, std::allocator<mbed::AnalogIn*>>(T1, T1, T2, T3&) 0x00008fc5   Thumb Code    44  qtrsensors.o(t._ZSt18uninitialized_copyIPPN4mbed8AnalogInES3_SaIS2_EET0_T_S6_S5_RT1_)
    const T1& std::max<unsigned>(const T1&, const T1&) 0x00008ff1   Thumb Code    12  char.o(t._ZSt3maxIjERKT_S2_S2_)
    T2 std::copy<mbed::DigitalInOut*const *, mbed::DigitalInOut**>(T1, T1, T2) 0x00008ffd   Thumb Code    20  qtrsensors.o(t._ZSt4copyIPKPN4mbed12DigitalInOutEPS2_ET0_T_S7_S6_)
    T2 std::copy<mbed::AnalogIn*const *, mbed::AnalogIn**>(T1, T1, T2) 0x00009011   Thumb Code    20  qtrsensors.o(t._ZSt4copyIPKPN4mbed8AnalogInEPS2_ET0_T_S7_S6_)
    void std::swap<mbed::DigitalInOut**>(T1&, T1&) 0x00009025   Thumb Code    10  qtrsensors.o(t._ZSt4swapIPPN4mbed12DigitalInOutEEvRT_S5_)
    void std::swap<mbed::AnalogIn**>(T1&, T1&) 0x0000902f   Thumb Code    10  qtrsensors.o(t._ZSt4swapIPPN4mbed8AnalogInEEvRT_S5_)
    __aeabi_d2f                              0x00009039   Thumb Code     0  d2f.o(x$fpl$d2f)
    _d2f                                     0x00009039   Thumb Code    98  d2f.o(x$fpl$d2f)
    __fpl_dcheck_NaN1                        0x0000909d   Thumb Code    10  dcheck1.o(x$fpl$dcheck1)
    __fpl_dcmp_Inf                           0x000090ad   Thumb Code    24  dcmpi.o(x$fpl$dcmpinf)
    __aeabi_ddiv                             0x000090c5   Thumb Code     0  ddiv.o(x$fpl$ddiv)
    _ddiv                                    0x000090c5   Thumb Code   552  ddiv.o(x$fpl$ddiv)
    __aeabi_cdcmpeq                          0x00009375   Thumb Code     0  deqf.o(x$fpl$deqf)
    _dcmpeq                                  0x00009375   Thumb Code   120  deqf.o(x$fpl$deqf)
    __aeabi_ui2d                             0x000093ed   Thumb Code     0  dflt_clz.o(x$fpl$dfltu)
    _dfltu                                   0x000093ed   Thumb Code    38  dflt_clz.o(x$fpl$dfltu)
    __aeabi_cdcmple                          0x00009415   Thumb Code     0  dleqf.o(x$fpl$dleqf)
    _dcmple                                  0x00009415   Thumb Code   120  dleqf.o(x$fpl$dleqf)
    __fpl_dcmple_InfNaN                      0x00009477   Thumb Code     0  dleqf.o(x$fpl$dleqf)
    __aeabi_dmul                             0x0000948d   Thumb Code     0  dmul.o(x$fpl$dmul)
    _dmul                                    0x0000948d   Thumb Code   332  dmul.o(x$fpl$dmul)
    __fpl_dnaninf                            0x000095e1   Thumb Code   156  dnaninf.o(x$fpl$dnaninf)
    __fpl_dretinf                            0x0000967d   Thumb Code    12  dretinf.o(x$fpl$dretinf)
    __aeabi_cdrcmple                         0x00009689   Thumb Code     0  drleqf.o(x$fpl$drleqf)
    _drcmple                                 0x00009689   Thumb Code   108  drleqf.o(x$fpl$drleqf)
    __aeabi_f2d                              0x000096f5   Thumb Code     0  f2d.o(x$fpl$f2d)
    _f2d                                     0x000096f5   Thumb Code    86  f2d.o(x$fpl$f2d)
    __aeabi_fadd                             0x0000974d   Thumb Code     0  faddsub_clz.o(x$fpl$fadd)
    _fadd                                    0x0000974d   Thumb Code   196  faddsub_clz.o(x$fpl$fadd)
    __fpl_fcmp_Inf                           0x00009811   Thumb Code    24  fcmpi.o(x$fpl$fcmpinf)
    __aeabi_fdiv                             0x00009829   Thumb Code     0  fdiv.o(x$fpl$fdiv)
    _fdiv                                    0x00009829   Thumb Code   384  fdiv.o(x$fpl$fdiv)
    __aeabi_f2iz                             0x000099ad   Thumb Code     0  ffix.o(x$fpl$ffix)
    _ffix                                    0x000099ad   Thumb Code    54  ffix.o(x$fpl$ffix)
    __aeabi_f2uiz                            0x000099e5   Thumb Code     0  ffixu.o(x$fpl$ffixu)
    _ffixu                                   0x000099e5   Thumb Code    62  ffixu.o(x$fpl$ffixu)
    __aeabi_i2f                              0x00009a25   Thumb Code     0  fflt_clz.o(x$fpl$fflt)
    _fflt                                    0x00009a25   Thumb Code    48  fflt_clz.o(x$fpl$fflt)
    __aeabi_ui2f                             0x00009a55   Thumb Code     0  fflt_clz.o(x$fpl$ffltu)
    _ffltu                                   0x00009a55   Thumb Code    38  fflt_clz.o(x$fpl$ffltu)
    __aeabi_cfcmple                          0x00009a7d   Thumb Code     0  fleqf.o(x$fpl$fleqf)
    _fcmple                                  0x00009a7d   Thumb Code   104  fleqf.o(x$fpl$fleqf)
    __fpl_fcmple_InfNaN                      0x00009acf   Thumb Code     0  fleqf.o(x$fpl$fleqf)
    __aeabi_fmul                             0x00009ae5   Thumb Code     0  fmul.o(x$fpl$fmul)
    _fmul                                    0x00009ae5   Thumb Code   258  fmul.o(x$fpl$fmul)
    __fpl_fnaninf                            0x00009be7   Thumb Code   140  fnaninf.o(x$fpl$fnaninf)
    __fpl_fretinf                            0x00009c73   Thumb Code    10  fretinf.o(x$fpl$fretinf)
    __aeabi_cfrcmple                         0x00009c7d   Thumb Code     0  frleqf.o(x$fpl$frleqf)
    _frcmple                                 0x00009c7d   Thumb Code    98  frleqf.o(x$fpl$frleqf)
    __aeabi_fsub                             0x00009ce1   Thumb Code     0  faddsub_clz.o(x$fpl$fsub)
    _fsub                                    0x00009ce1   Thumb Code   234  faddsub_clz.o(x$fpl$fsub)
    _printf_fp_dec                           0x00009dcb   Thumb Code     4  printf1.o(x$fpl$printf1)
    _printf_fp_hex                           0x00009dcf   Thumb Code     4  printf2.o(x$fpl$printf2)
    __fpl_return_NaN                         0x00009dd3   Thumb Code   100  retnan.o(x$fpl$retnan)
    __ARM_scalbn                             0x00009e37   Thumb Code    92  scalbn.o(x$fpl$scalbn)
    _scanf_real                              0x00009e93   Thumb Code     4  scanf1.o(x$fpl$scanf1)
    _scanf_hex_real                          0x00009e97   Thumb Code     4  scanf2.o(x$fpl$scanf2)
    _scanf_infnan                            0x00009e9b   Thumb Code     4  scanf2.o(x$fpl$scanf2)
    __fpl_cmpreturn                          0x00009e9f   Thumb Code    48  trapv.o(x$fpl$trapveneer)
    __I$use$fp                               0x00009ece   Number         0  usenofp.o(x$fpl$usenofp)
    mbed::Base::_base_funcs                  0x00009ee8   Data          24  Base.LPC1768.o(.constdata)
    __stdin_name                             0x0000a174   Data           7  stdio.LPC1768.o(.constdata)
    __stdout_name                            0x0000a17b   Data           8  stdio.LPC1768.o(.constdata)
    __stderr_name                            0x0000a183   Data           8  stdio.LPC1768.o(.constdata)
    std::ctype<char>::_C_classic_table       0x0000a22a   Data         512  char.o(.constdata)
    typeinfo for __cxxabiv1::__class_type_info 0x0000a4e4   Data          12  lib_rtti_impl.o(.constdata__ZTIN10__cxxabiv117__class_type_infoE)
    typeinfo for __cxxabiv1::__si_class_type_info 0x0000a4f0   Data          12  lib_rtti_impl.o(.constdata__ZTIN10__cxxabiv120__si_class_type_infoE)
    typeinfo for __cxxabiv1::__vmi_class_type_info 0x0000a4fc   Data          12  lib_rtti_impl.o(.constdata__ZTIN10__cxxabiv121__vmi_class_type_infoE)
    typeinfo for mbed::DigitalOut            0x0000a508   Data          12  DigitalOut.LPC1768.o(.constdata__ZTIN4mbed10DigitalOutE)
    typeinfo for mbed::FileHandle            0x0000a514   Data           8  stdio.LPC1768.o(.constdata__ZTIN4mbed10FileHandleE)
    typeinfo for mbed::InterruptIn           0x0000a51c   Data          12  InterruptIn.LPC1768.o(.constdata__ZTIN4mbed11InterruptInE)
    typeinfo for mbed::DigitalInOut          0x0000a528   Data          12  DigitalInOut.LPC1768.o(.constdata__ZTIN4mbed12DigitalInOutE)
    typeinfo for mbed::FileSystemLike        0x0000a534   Data          12  Base.LPC1768.o(.constdata__ZTIN4mbed14FileSystemLikeE)
    typeinfo for mbed::Base                  0x0000a540   Data           8  Base.LPC1768.o(.constdata__ZTIN4mbed4BaseE)
    typeinfo for mbed::Timer                 0x0000a548   Data          12  Timer.LPC1768.o(.constdata__ZTIN4mbed5TimerE)
    typeinfo for mbed::PwmOut                0x0000a554   Data          12  PwmOut.LPC1768.o(.constdata__ZTIN4mbed6PwmOutE)
    typeinfo for mbed::Serial                0x0000a560   Data          12  Serial.LPC1768.o(.constdata__ZTIN4mbed6SerialE)
    typeinfo for mbed::Stream                0x0000a56c   Data          12  Stream.LPC1768.o(.constdata__ZTIN4mbed6StreamE)
    typeinfo for mbed::AnalogIn              0x0000a578   Data          12  AnalogIn.LPC1768.o(.constdata__ZTIN4mbed8AnalogInE)
    typeinfo for mbed::FileLike              0x0000a584   Data          32  stdio.LPC1768.o(.constdata__ZTIN4mbed8FileLikeE)
    typeinfo for std::type_info              0x0000a5a4   Data           8  type_info_dtor.o(.constdata__ZTISt9type_info)
    typeinfo name for __cxxabiv1::__class_type_info 0x0000a5ac   Data          34  lib_rtti_impl.o(.constdata__ZTSN10__cxxabiv117__class_type_infoE)
    typeinfo name for __cxxabiv1::__si_class_type_info 0x0000a5ce   Data          37  lib_rtti_impl.o(.constdata__ZTSN10__cxxabiv120__si_class_type_infoE)
    typeinfo name for __cxxabiv1::__vmi_class_type_info 0x0000a5f3   Data          38  lib_rtti_impl.o(.constdata__ZTSN10__cxxabiv121__vmi_class_type_infoE)
    typeinfo name for mbed::DigitalOut       0x0000a619   Data          20  DigitalOut.LPC1768.o(.constdata__ZTSN4mbed10DigitalOutE)
    typeinfo name for mbed::FileHandle       0x0000a62d   Data          20  stdio.LPC1768.o(.constdata__ZTSN4mbed10FileHandleE)
    typeinfo name for mbed::InterruptIn      0x0000a641   Data          21  InterruptIn.LPC1768.o(.constdata__ZTSN4mbed11InterruptInE)
    typeinfo name for mbed::DigitalInOut     0x0000a656   Data          22  DigitalInOut.LPC1768.o(.constdata__ZTSN4mbed12DigitalInOutE)
    typeinfo name for mbed::FileSystemLike   0x0000a66c   Data          24  Base.LPC1768.o(.constdata__ZTSN4mbed14FileSystemLikeE)
    typeinfo name for mbed::Base             0x0000a684   Data          13  Base.LPC1768.o(.constdata__ZTSN4mbed4BaseE)
    typeinfo name for mbed::Timer            0x0000a691   Data          14  Timer.LPC1768.o(.constdata__ZTSN4mbed5TimerE)
    typeinfo name for mbed::PwmOut           0x0000a69f   Data          15  PwmOut.LPC1768.o(.constdata__ZTSN4mbed6PwmOutE)
    typeinfo name for mbed::Serial           0x0000a6ae   Data          15  Serial.LPC1768.o(.constdata__ZTSN4mbed6SerialE)
    typeinfo name for mbed::Stream           0x0000a6bd   Data          15  Stream.LPC1768.o(.constdata__ZTSN4mbed6StreamE)
    typeinfo name for mbed::AnalogIn         0x0000a6cc   Data          17  AnalogIn.LPC1768.o(.constdata__ZTSN4mbed8AnalogInE)
    typeinfo name for mbed::FileLike         0x0000a6dd   Data          17  stdio.LPC1768.o(.constdata__ZTSN4mbed8FileLikeE)
    typeinfo name for std::type_info         0x0000a6ee   Data          13  type_info_dtor.o(.constdata__ZTSSt9type_info)
    vtable for QTRSensors                    0x0000a6fc   Data          12  qtrsensors.o(.constdata__ZTV10QTRSensors)
    vtable for QTRSensorsAnalog              0x0000a708   Data          12  qtrsensors.o(.constdata__ZTV16QTRSensorsAnalog)
    vtable for __cxxabiv1::__class_type_info 0x0000a714   Data          16  lib_rtti_impl.o(.constdata__ZTVN10__cxxabiv117__class_type_infoE)
    vtable for __cxxabiv1::__si_class_type_info 0x0000a724   Data          16  lib_rtti_impl.o(.constdata__ZTVN10__cxxabiv120__si_class_type_infoE)
    vtable for __cxxabiv1::__vmi_class_type_info 0x0000a734   Data          16  lib_rtti_impl.o(.constdata__ZTVN10__cxxabiv121__vmi_class_type_infoE)
    vtable for mbed::DigitalOut              0x0000a744   Data          24  DigitalOut.LPC1768.o(.constdata__ZTVN4mbed10DigitalOutE)
    vtable for mbed::InterruptIn             0x0000a75c   Data          24  InterruptIn.LPC1768.o(.constdata__ZTVN4mbed11InterruptInE)
    vtable for mbed::DigitalInOut            0x0000a774   Data          24  DigitalInOut.LPC1768.o(.constdata__ZTVN4mbed12DigitalInOutE)
    vtable for mbed::Base                    0x0000a78c   Data          24  Base.LPC1768.o(.constdata__ZTVN4mbed4BaseE)
    vtable for mbed::Timer                   0x0000a7a4   Data          24  Timer.LPC1768.o(.constdata__ZTVN4mbed5TimerE)
    vtable for mbed::PwmOut                  0x0000a7bc   Data          24  PwmOut.LPC1768.o(.constdata__ZTVN4mbed6PwmOutE)
    vtable for mbed::Serial                  0x0000a7d4   Data          96  Serial.LPC1768.o(.constdata__ZTVN4mbed6SerialE)
    vtable for mbed::Stream                  0x0000a834   Data          96  Stream.LPC1768.o(.constdata__ZTVN4mbed6StreamE)
    vtable for mbed::AnalogIn                0x0000a894   Data          24  AnalogIn.LPC1768.o(.constdata__ZTVN4mbed8AnalogInE)
    vtable for mbed::FileLike                0x0000a8ac   Data          60  stdio.LPC1768.o(.constdata__ZTVN4mbed8FileLikeE)
    vtable for std::locale::facet            0x0000a8e8   Data          20  rwstdexcept.o(.constdata__ZTVNSt6locale5facetE)
    vtable for std::ctype_byname<char>       0x0000a8fc   Data          52  char.o(.constdata__ZTVSt12ctype_bynameIcE)
    vtable for std::__rw_exception           0x0000a930   Data          20  rwstdexcept.o(.constdata__ZTVSt14__rw_exception)
    vtable for std::ctype<char>              0x0000a944   Data          52  char.o(.constdata__ZTVSt5ctypeIcE)
    vtable for std::messages<char>           0x0000a978   Data          32  rwstdexcept.o(.constdata__ZTVSt8messagesIcE)
    vtable for std::exception                0x0000a998   Data          20  exception_dtor.o(.constdata__ZTVSt9exception)
    __rw::__rw_locale_imp::_C_category_name(int) const::string 0x0000a9ac   Data           1  locale.o(.constdata__ZZNK4__rw15__rw_locale_imp16_C_category_nameEiEs)
    std::basic_string<char, std::char_traits<char>, std::allocator<char>>::replace(unsigned, unsigned, const char*, unsigned, unsigned, unsigned)::string 0x0000a9ad   Data           1  char.o(.constdata__ZZNSs7replaceEjjPKcjjjEs)
    std::basic_string<char, std::char_traits<char>, std::allocator<char>>::_C_getRep(unsigned, unsigned)::string 0x0000a9ae   Data           1  char.o(.constdata__ZZNSs9_C_getRepEjjEs)
    std::vector<mbed::DigitalInOut*, std::allocator<mbed::DigitalInOut*>>::reserve(unsigned)::string 0x0000a9af   Data           1  qtrsensors.o(.constdata__ZZNSt6vectorIPN4mbed12DigitalInOutESaIS2_EE7reserveEjEs)
    std::vector<mbed::AnalogIn*, std::allocator<mbed::AnalogIn*>>::reserve(unsigned)::string 0x0000a9b0   Data           1  qtrsensors.o(.constdata__ZZNSt6vectorIPN4mbed8AnalogInESaIS2_EE7reserveEjEs)
    std::messages<char>::messages(unsigned)::string 0x0000a9b1   Data           2  rwstdexcept.o(.constdata__ZZNSt8messagesIcEC1EjEs)
    Region$$Table$$Base                      0x0000ac3c   Number         0  anon$$obj.o(Region$$Table)
    Region$$Table$$Limit                     0x0000ac5c   Number         0  anon$$obj.o(Region$$Table)
    __aeabi_HUGE_VAL                         0x0000ac5c   Data           0  fpconst.o(c$$dinf)
    __aeabi_HUGE_VALL                        0x0000ac5c   Data           0  fpconst.o(c$$dinf)
    __aeabi_INFINITY                         0x0000ac5c   Data           0  fpconst.o(c$$dinf)
    __dInf                                   0x0000ac5c   Data           0  fpconst.o(c$$dinf)
    __huge_val                               0x0000ac5c   Data           0  fpconst.o(c$$dinf)
    __ctype                                  0x0000ac71   Data           0  lc_ctype_c.o(locale$$data)
    __lcnull_start                           0x0000ad9c   Data           4  null_locale.o(locale$$data)
    SHT$$INIT_ARRAY$$Base                    0x0000ada0   Number         0  qtrsensors.o(.init_array)
    SHT$$INIT_ARRAY$$Limit                   0x0000adb4   Number         0  rwcats.o(.init_array)
    SystemCoreClock                          0x100000c4   Data           4  system_LPC17xx.o(.data)
    pinslinereader                           0x100000c8   Data          24  main.o(.data)
    mbed::Base::_head                        0x100000e0   Data           4  Base.LPC1768.o(.data)
    mbed::Base::_classes                     0x100000e4   Data           4  Base.LPC1768.o(.data)
    mbed::Base::_base_class                  0x100000e8   Data          12  Base.LPC1768.o(.data)
    PWM_MATCH                                0x100000f4   Data          28  pwmout_api.LPC1768.o(.data)
    __aeabi_stdin                            0x10000114   Data           4  stdio_streams.o(.data)
    __aeabi_stdout                           0x10000118   Data           4  stdio_streams.o(.data)
    __aeabi_stderr                           0x1000011c   Data           4  stdio_streams.o(.data)
    std::ctype<char>::id                     0x10000138   Data           4  char.o(.data)
    std::ctype<wchar_t>::id                  0x1000013c   Data           4  char.o(.data)
    std::locale::_C_classic                  0x10000148   Data           4  locale.o(.data)
    std::locale::_C_native                   0x1000014c   Data           4  locale.o(.data)
    std::locale::_C_global                   0x10000150   Data           4  locale.o(.data)
    std::codecvt<char, char, std::__mbstate_t>::id 0x10000154   Data           4  locale.o(.data)
    std::codecvt<wchar_t, char, std::__mbstate_t>::id 0x10000158   Data           4  locale.o(.data)
    __rw_throw_proc                          0x1000015c   Data           4  rwthrowproc_noex.o(.data)
    std::locale::id::_C_init() const::_C_id_gen 0x1000016c   Data           4  locale.o(.data__ZZNKSt6locale2id7_C_initEvE9_C_id_gen)
    guard variable for std::__rw_get_cats()::__open_cats 0x10000170   Data           4  messages.o(.data__ZZSt13__rw_get_catsvE11__open_cats)
    std::__rw_get_cats()::__open_cats        0x10000174   Data           8  messages.o(.data__ZZSt13__rw_get_catsvE11__open_cats)
    timer                                    0x1000017c   Data          28  qtrsensors.o(.bss)
    m1controller                             0x10000198   Data          88  main.o(.bss)
    m2controller                             0x100001f0   Data          88  main.o(.bss)
    linecontroller                           0x10000248   Data          88  main.o(.bss)
    pidtimer                                 0x100002a0   Data          28  main.o(.bss)
    xtimer                                   0x100002bc   Data          28  main.o(.bss)
    PC                                       0x100002d8   Data          88  main.o(.bss)
    enc1                                     0x10000330   Data         252  main.o(.bss)
    enc2                                     0x1000042c   Data         252  main.o(.bss)
    m1                                       0x10000528   Data          72  main.o(.bss)
    m2                                       0x10000570   Data          72  main.o(.bss)
    led1                                     0x100005b8   Data          28  main.o(.bss)
    linereader                               0x100005d4   Data          72  main.o(.bss)
    sensorvalues                             0x1000061c   Data          24  main.o(.bss)
    mbed::InterruptIn::_irq_objects          0x10000634   Data         192  InterruptIn.LPC1768.o(.bss)
    __stdin                                  0x10000734   Data          84  stdio_streams.o(.bss)
    __stdout                                 0x10000788   Data          84  stdio_streams.o(.bss)
    __stderr                                 0x100007dc   Data          84  stdio_streams.o(.bss)
    std::basic_string<char, std::char_traits<char>, std::allocator<char>>::__nullref 0x1000089c   Data          16  vendor.o(.bss__ZNSs9__nullrefE)
    Image$$RW_IRAM1$$ZI$$Limit               0x100008ac   Number         0  anon$$obj.o ABSOLUTE



==============================================================================

Memory Map of the image

  Image Entry point : 0x000000c5

  Load Region LR_IROM1 (Base: 0x00000000, Size: 0x0000af30, Max: 0x00080000, ABSOLUTE, COMPRESSED[0x0000ae08])

    Execution Region ER_IROM1 (Base: 0x00000000, Size: 0x0000adb4, Max: 0x00080000, ABSOLUTE)

    Base Addr    Size         Type   Attr      Idx    E Section Name        Object

    0x00000000   0x000000c4   Data   RO           10    RESET               startup_LPC17xx.o
    0x000000c4   0x00000008   Code   RO         2735  * !!!main             c_w.l(__main.o)
    0x000000cc   0x00000034   Code   RO         4594    !!!scatter          c_w.l(__scatter.o)
    0x00000100   0x0000005a   Code   RO         4592    !!dczerorl2         c_w.l(__dczerorl2.o)
    0x0000015a   0x00000002   PAD
    0x0000015c   0x0000001c   Code   RO         4596    !!handler_zi        c_w.l(__scatter_zi.o)
    0x00000178   0x00000000   Code   RO         3382    .ARM.Collect$$_printf_percent$$00000000  c_w.l(_printf_percent.o)
    0x00000178   0x00000006   Code   RO         3371    .ARM.Collect$$_printf_percent$$00000001  c_w.l(_printf_n.o)
    0x0000017e   0x00000006   Code   RO         3373    .ARM.Collect$$_printf_percent$$00000002  c_w.l(_printf_p.o)
    0x00000184   0x00000006   Code   RO         3378    .ARM.Collect$$_printf_percent$$00000003  c_w.l(_printf_f.o)
    0x0000018a   0x00000006   Code   RO         3379    .ARM.Collect$$_printf_percent$$00000004  c_w.l(_printf_e.o)
    0x00000190   0x00000006   Code   RO         3380    .ARM.Collect$$_printf_percent$$00000005  c_w.l(_printf_g.o)
    0x00000196   0x00000006   Code   RO         3381    .ARM.Collect$$_printf_percent$$00000006  c_w.l(_printf_a.o)
    0x0000019c   0x0000000a   Code   RO         3386    .ARM.Collect$$_printf_percent$$00000007  c_w.l(_printf_ll.o)
    0x000001a6   0x00000006   Code   RO         3375    .ARM.Collect$$_printf_percent$$00000008  c_w.l(_printf_i.o)
    0x000001ac   0x00000006   Code   RO         3376    .ARM.Collect$$_printf_percent$$00000009  c_w.l(_printf_d.o)
    0x000001b2   0x00000006   Code   RO         3377    .ARM.Collect$$_printf_percent$$0000000A  c_w.l(_printf_u.o)
    0x000001b8   0x00000006   Code   RO         3374    .ARM.Collect$$_printf_percent$$0000000B  c_w.l(_printf_o.o)
    0x000001be   0x00000006   Code   RO         3372    .ARM.Collect$$_printf_percent$$0000000C  c_w.l(_printf_x.o)
    0x000001c4   0x00000006   Code   RO         3383    .ARM.Collect$$_printf_percent$$0000000D  c_w.l(_printf_lli.o)
    0x000001ca   0x00000006   Code   RO         3384    .ARM.Collect$$_printf_percent$$0000000E  c_w.l(_printf_lld.o)
    0x000001d0   0x00000006   Code   RO         3385    .ARM.Collect$$_printf_percent$$0000000F  c_w.l(_printf_llu.o)
    0x000001d6   0x00000006   Code   RO         3390    .ARM.Collect$$_printf_percent$$00000010  c_w.l(_printf_llo.o)
    0x000001dc   0x00000006   Code   RO         3391    .ARM.Collect$$_printf_percent$$00000011  c_w.l(_printf_llx.o)
    0x000001e2   0x0000000a   Code   RO         3387    .ARM.Collect$$_printf_percent$$00000012  c_w.l(_printf_l.o)
    0x000001ec   0x00000006   Code   RO         3369    .ARM.Collect$$_printf_percent$$00000013  c_w.l(_printf_c.o)
    0x000001f2   0x00000006   Code   RO         3370    .ARM.Collect$$_printf_percent$$00000014  c_w.l(_printf_s.o)
    0x000001f8   0x00000006   Code   RO         3388    .ARM.Collect$$_printf_percent$$00000015  c_w.l(_printf_lc.o)
    0x000001fe   0x00000006   Code   RO         3389    .ARM.Collect$$_printf_percent$$00000016  c_w.l(_printf_ls.o)
    0x00000204   0x00000004   Code   RO         4159    .ARM.Collect$$_printf_percent$$00000017  c_w.l(_printf_percent_end.o)
    0x00000208   0x00000002   Code   RO         4489    .ARM.Collect$$libinit$$00000000  c_w.l(libinit.o)
    0x0000020a   0x00000000   Code   RO         3455    .ARM.Collect$$libinit$$00000002  c_w.l(libinit2.o)
    0x0000020a   0x00000000   Code   RO         3457    .ARM.Collect$$libinit$$00000004  c_w.l(libinit2.o)
    0x0000020a   0x00000008   Code   RO         3458    .ARM.Collect$$libinit$$00000005  c_w.l(libinit2.o)
    0x00000212   0x00000000   Code   RO         3460    .ARM.Collect$$libinit$$0000000A  c_w.l(libinit2.o)
    0x00000212   0x00000000   Code   RO         3462    .ARM.Collect$$libinit$$0000000C  c_w.l(libinit2.o)
    0x00000212   0x00000000   Code   RO         3464    .ARM.Collect$$libinit$$0000000E  c_w.l(libinit2.o)
    0x00000212   0x00000006   Code   RO         3465    .ARM.Collect$$libinit$$0000000F  c_w.l(libinit2.o)
    0x00000218   0x00000000   Code   RO         3467    .ARM.Collect$$libinit$$00000011  c_w.l(libinit2.o)
    0x00000218   0x0000000c   Code   RO         3468    .ARM.Collect$$libinit$$00000012  c_w.l(libinit2.o)
    0x00000224   0x00000000   Code   RO         3469    .ARM.Collect$$libinit$$00000013  c_w.l(libinit2.o)
    0x00000224   0x00000000   Code   RO         3471    .ARM.Collect$$libinit$$00000015  c_w.l(libinit2.o)
    0x00000224   0x0000000a   Code   RO         3472    .ARM.Collect$$libinit$$00000016  c_w.l(libinit2.o)
    0x0000022e   0x00000000   Code   RO         3473    .ARM.Collect$$libinit$$00000017  c_w.l(libinit2.o)
    0x0000022e   0x00000000   Code   RO         3475    .ARM.Collect$$libinit$$00000019  c_w.l(libinit2.o)
    0x0000022e   0x00000000   Code   RO         3477    .ARM.Collect$$libinit$$0000001B  c_w.l(libinit2.o)
    0x0000022e   0x00000000   Code   RO         3479    .ARM.Collect$$libinit$$0000001D  c_w.l(libinit2.o)
    0x0000022e   0x00000000   Code   RO         3481    .ARM.Collect$$libinit$$0000001F  c_w.l(libinit2.o)
    0x0000022e   0x00000000   Code   RO         3483    .ARM.Collect$$libinit$$00000021  c_w.l(libinit2.o)
    0x0000022e   0x00000000   Code   RO         3485    .ARM.Collect$$libinit$$00000023  c_w.l(libinit2.o)
    0x0000022e   0x00000004   Code   RO         3486    .ARM.Collect$$libinit$$00000024  c_w.l(libinit2.o)
    0x00000232   0x00000000   Code   RO         3487    .ARM.Collect$$libinit$$00000025  c_w.l(libinit2.o)
    0x00000232   0x00000000   Code   RO         3491    .ARM.Collect$$libinit$$0000002C  c_w.l(libinit2.o)
    0x00000232   0x00000000   Code   RO         3493    .ARM.Collect$$libinit$$0000002E  c_w.l(libinit2.o)
    0x00000232   0x00000000   Code   RO         3495    .ARM.Collect$$libinit$$00000030  c_w.l(libinit2.o)
    0x00000232   0x00000004   Code   RO         3496    .ARM.Collect$$libinit$$00000031  c_w.l(libinit2.o)
    0x00000236   0x00000000   Code   RO         3497    .ARM.Collect$$libinit$$00000032  c_w.l(libinit2.o)
    0x00000236   0x00000002   Code   RO         3498    .ARM.Collect$$libinit$$00000033  c_w.l(libinit2.o)
    0x00000238   0x00000000   Code   RO         4254    .ARM.Collect$$libshutdown$$00000002  c_w.l(libshutdown2.o)
    0x00000238   0x00000000   Code   RO         4256    .ARM.Collect$$libshutdown$$00000004  c_w.l(libshutdown2.o)
    0x00000238   0x00000000   Code   RO         3248    .ARM.Collect$$rtentry$$00000000  c_w.l(__rtentry.o)
    0x00000238   0x00000000   Code   RO         4107    .ARM.Collect$$rtentry$$00000002  c_w.l(__rtentry2.o)
    0x00000238   0x00000006   Code   RO         4119    .ARM.Collect$$rtentry$$00000004  c_w.l(__rtentry4.o)
    0x0000023e   0x00000000   Code   RO         4109    .ARM.Collect$$rtentry$$00000009  c_w.l(__rtentry2.o)
    0x0000023e   0x00000004   Code   RO         4110    .ARM.Collect$$rtentry$$0000000A  c_w.l(__rtentry2.o)
    0x00000242   0x00000000   Code   RO         4112    .ARM.Collect$$rtentry$$0000000C  c_w.l(__rtentry2.o)
    0x00000242   0x00000008   Code   RO         4113    .ARM.Collect$$rtentry$$0000000D  c_w.l(__rtentry2.o)
    0x0000024a   0x00000002   PAD
    0x0000024c   0x00000000   Code   RO         4132    .emb_text           c_w.l(maybetermalloc1.o)
    0x0000024c   0x00000024   Code   RO           12    .text               startup_LPC17xx.o
    0x00000270   0x0000005e   Code   RO         2606    .text               c_w.l(h1_alloc.o)
    0x000002ce   0x00000014   Code   RO         2666    .text               c_w.l(fprintf.o)
    0x000002e2   0x0000000a   Code   RO         2668    .text               c_w.l(vfprintf.o)
    0x000002ec   0x00000010   Code   RO         3249    .text               c_w.l(rt_ctype_table.o)
    0x000002fc   0x00000004   Code   RO           11    .ARM.__at_0x02FC    startup_LPC17xx.o
    0x00000300   0x0000004e   Code   RO         2608    .text               c_w.l(h1_free.o)
    0x0000034e   0x000000ee   Code   RO         2664    .text               c_w.l(lludivv7m.o)
    0x0000043c   0x0000002c   Code   RO         2670    .text               c_w.l(sprintf.o)
    0x00000468   0x0000003c   Code   RO         2672    .text               c_w.l(sscanf.o)
    0x000004a4   0x00000064   Code   RO         2678    .text               c_w.l(fflush.o)
    0x00000508   0x00000022   Code   RO         2688    .text               c_w.l(fputs.o)
    0x0000052a   0x00000002   PAD
    0x0000052c   0x000000ec   Code   RO         2690    .text               c_w.l(fopen.o)
    0x00000618   0x00000014   Code   RO         2692    .text               c_w.l(setbuf.o)
    0x0000062c   0x0000004c   Code   RO         2700    .text               c_w.l(fclose.o)
    0x00000678   0x0000002e   Code   RO         2715    .text               c_w.l(aeabi_atexit.o)
    0x000006a6   0x00000002   PAD
    0x000006a8   0x00000080   Code   RO         2718    .text               c_w.l(assert.o)
    0x00000728   0x00000048   Code   RO         2720    .text               c_w.l(strcpy.o)
    0x00000770   0x0000003e   Code   RO         2722    .text               c_w.l(strlen.o)
    0x000007ae   0x00000096   Code   RO         2724    .text               c_w.l(strncmp.o)
    0x00000844   0x0000008a   Code   RO         2726    .text               c_w.l(rt_memcpy_v6.o)
    0x000008ce   0x00000064   Code   RO         2728    .text               c_w.l(rt_memcpy_w.o)
    0x00000932   0x00000002   PAD
    0x00000934   0x00000080   Code   RO         2732    .text               c_w.l(strcmpv7m.o)
    0x000009b4   0x00000024   Code   RO         2740    .text               c_w.l(init_aeabi.o)
    0x000009d8   0x00000008   Code   RO         3255    .text               c_w.l(rt_heap_descriptor.o)
    0x000009e0   0x00000008   Code   RO         3260    .text               c_w.l(rt_new_handler_addr.o)
    0x000009e8   0x00000008   Code   RO         3265    .text               c_w.l(rt_ddtor_pointer_addr.o)
    0x000009f0   0x00000008   Code   RO         3270    .text               c_w.l(rt_errno_addr.o)
    0x000009f8   0x00000004   Code   RO         3275    .text               c_w.l(hguard.o)
    0x000009fc   0x0000008a   Code   RO         3277    .text               c_w.l(init_alloc.o)
    0x00000a86   0x0000000e   Code   RO         3281    .text               c_w.l(h1_init.o)
    0x00000a94   0x00000016   Code   RO         3295    .text               c_w.l(_rserrno.o)
    0x00000aaa   0x00000002   PAD
    0x00000aac   0x00000034   Code   RO         3297    .text               c_w.l(vsnprintf.o)
    0x00000ae0   0x0000004e   Code   RO         3301    .text               c_w.l(_printf_pad.o)
    0x00000b2e   0x00000024   Code   RO         3303    .text               c_w.l(_printf_truncate.o)
    0x00000b52   0x00000052   Code   RO         3305    .text               c_w.l(_printf_str.o)
    0x00000ba4   0x00000078   Code   RO         3307    .text               c_w.l(_printf_dec.o)
    0x00000c1c   0x00000028   Code   RO         3309    .text               c_w.l(_printf_charcount.o)
    0x00000c44   0x00000030   Code   RO         3311    .text               c_w.l(_printf_char_common.o)
    0x00000c74   0x0000000a   Code   RO         3313    .text               c_w.l(_sputc.o)
    0x00000c7e   0x00000002   PAD
    0x00000c80   0x00000024   Code   RO         3315    .text               c_w.l(_printf_char_file.o)
    0x00000ca4   0x000000bc   Code   RO         3317    .text               c_w.l(_printf_wctomb.o)
    0x00000d60   0x0000007c   Code   RO         3320    .text               c_w.l(_printf_longlong_dec.o)
    0x00000ddc   0x00000070   Code   RO         3326    .text               c_w.l(_printf_oct_int_ll.o)
    0x00000e4c   0x00000094   Code   RO         3346    .text               c_w.l(_printf_hex_int_ll_ptr.o)
    0x00000ee0   0x00000188   Code   RO         3366    .text               c_w.l(__printf_flags_ss_wp.o)
    0x00001068   0x00000156   Code   RO         3392    .text               c_w.l(_scanf_longlong.o)
    0x000011be   0x0000014c   Code   RO         3394    .text               c_w.l(_scanf_int.o)
    0x0000130a   0x000000e0   Code   RO         3396    .text               c_w.l(_scanf_str.o)
    0x000013ea   0x00000002   PAD
    0x000013ec   0x0000002c   Code   RO         3398    .text               c_w.l(scanf_char.o)
    0x00001418   0x00000040   Code   RO         3400    .text               c_w.l(_sgetc.o)
    0x00001458   0x00000114   Code   RO         3408    .text               c_w.l(_scanf_mbtowc.o)
    0x0000156c   0x000000e8   Code   RO         3410    .text               c_w.l(_scanf_wctomb.o)
    0x00001654   0x000000d0   Code   RO         3412    .text               c_w.l(_scanf_wstr.o)
    0x00001724   0x000001d6   Code   RO         3416    .text               c_w.l(flsbuf.o)
    0x000018fa   0x00000002   PAD
    0x000018fc   0x000000f8   Code   RO         3418    .text               c_w.l(fseek.o)
    0x000019f4   0x00000046   Code   RO         3420    .text               c_w.l(setvbuf.o)
    0x00001a3a   0x00000002   PAD
    0x00001a3c   0x000000f0   Code   RO         3422    .text               c_w.l(stdio.o)
    0x00001b2c   0x00000138   Code   RO         3425    .text               c_w.l(initio.o)
    0x00001c64   0x00000016   Code   RO         3431    .text               c_w.l(abort.o)
    0x00001c7a   0x00000042   Code   RO         3433    .text               c_w.l(cxa_finalize.o)
    0x00001cbc   0x0000000e   Code   RO         3436    .text               c_w.l(defsig_pvfn_outer.o)
    0x00001cca   0x00000016   Code   RO         3442    .text               c_w.l(strrchr.o)
    0x00001ce0   0x00000018   Code   RO         3444    .text               c_w.l(strcat.o)
    0x00001cf8   0x00000084   Code   RO         3446    .text               c_w.l(rt_memmove_v6.o)
    0x00001d7c   0x0000004e   Code   RO         3450    .text               c_w.l(rt_memclr_w.o)
    0x00001dca   0x00000004   Code   RO         3989    .text               cpprt_w.l(arm_bad_typeid_noexceptions.o)
    0x00001dce   0x00000004   Code   RO         4001    .text               cpprt_w.l(arm_newhandler_noexceptions.o)
    0x00001dd2   0x0000000e   Code   RO         4040    .text               cpprt_w.l(aeabi_vec_delete_noexceptions.o)
    0x00001de0   0x0000000e   Code   RO         4099    .text               c_w.l(sys_wrch.o)
    0x00001dee   0x00000002   PAD
    0x00001df0   0x0000000c   Code   RO         4101    .text               c_w.l(sys_exit.o)
    0x00001dfc   0x00000008   Code   RO         4125    .text               c_w.l(rt_locale.o)
    0x00001e04   0x00000034   Code   RO         4134    .text               c_w.l(h1_extend.o)
    0x00001e38   0x0000008a   Code   RO         4138    .text               c_w.l(lludiv10.o)
    0x00001ec2   0x00000012   Code   RO         4140    .text               c_w.l(isspace.o)
    0x00001ed4   0x000000b2   Code   RO         4142    .text               c_w.l(_printf_intcommon.o)
    0x00001f86   0x0000041a   Code   RO         4144    .text               c_w.l(_printf_fp_dec.o)
    0x000023a0   0x000002fc   Code   RO         4146    .text               c_w.l(_printf_fp_hex.o)
    0x0000269c   0x00000010   Code   RO         4149    .text               c_w.l(_snputc.o)
    0x000026ac   0x0000002c   Code   RO         4153    .text               c_w.l(_printf_char.o)
    0x000026d8   0x0000002c   Code   RO         4157    .text               c_w.l(_printf_wchar.o)
    0x00002704   0x0000001c   Code   RO         4160    .text               c_w.l(_chval.o)
    0x00002720   0x00000374   Code   RO         4162    .text               c_w.l(_scanf.o)
    0x00002a94   0x000004a4   Code   RO         4164    .text               c_w.l(scanf_fp.o)
    0x00002f38   0x0000001e   Code   RO         4168    .text               c_w.l(_scanf_wcharmap.o)
    0x00002f56   0x00000008   Code   RO         4172    .text               c_w.l(ferror.o)
    0x00002f5e   0x00000042   Code   RO         4174    .text               c_w.l(ftell.o)
    0x00002fa0   0x00000010   Code   RO         4198    .text               c_w.l(locale.o)
    0x00002fb0   0x0000003c   Code   RO         4208    .text               c_w.l(_mbrtowc.o)
    0x00002fec   0x00000040   Code   RO         4210    .text               c_w.l(_wcrtomb.o)
    0x0000302c   0x0000000a   Code   RO         4220    .text               c_w.l(defsig_exit.o)
    0x00003036   0x0000000e   Code   RO         4222    .text               c_w.l(defsig_abrt_outer.o)
    0x00003044   0x0000000e   Code   RO         4226    .text               c_w.l(defsig_rtred_outer.o)
    0x00003052   0x0000000e   Code   RO         4230    .text               c_w.l(defsig_rtmem_outer.o)
    0x00003060   0x00000030   Code   RO         4234    .text               c_w.l(defsig_pvfn_inner.o)
    0x00003090   0x00000018   Code   RO         4236    .text               c_w.l(assert_stdio.o)
    0x000030a8   0x00000008   Code   RO         4242    .text               c_w.l(memcpy.o)
    0x000030b0   0x0000007a   Code   RO         4244    .text               c_w.l(rt_memmove_w.o)
    0x0000312a   0x00000002   PAD
    0x0000312c   0x00000050   Code   RO         4246    .text               c_w.l(heapauxa.o)
    0x0000317c   0x0000001a   Code   RO         4392    .text               cpprt_w.l(arm_exceptions_terminate.o)
    0x00003196   0x00000002   PAD
    0x00003198   0x00000050   Code   RO         4395    .text               cpprt_w.l(arm_exceptions_globs.o)
    0x000031e8   0x00000002   Code   RO         4414    .text               c_w.l(use_no_semi.o)
    0x000031ea   0x00000000   Code   RO         4416    .text               c_w.l(indicate_semi.o)
    0x000031ea   0x00000002   PAD
    0x000031ec   0x00000008   Code   RO         4417    .text               c_w.l(rt_eh_globals_addr.o)
    0x000031f4   0x00000080   Code   RO         4428    .text               c_w.l(_printf_fp_infnan.o)
    0x00003274   0x000000dc   Code   RO         4432    .text               c_w.l(bigflt0.o)
    0x00003350   0x000001ac   Code   RO         4461    .text               c_w.l(locale_r.o)
    0x000034fc   0x00000032   Code   RO         4468    .text               c_w.l(defsig_general.o)
    0x0000352e   0x00000002   PAD
    0x00003530   0x00000030   Code   RO         4470    .text               c_w.l(defsig_abrt_inner.o)
    0x00003560   0x00000034   Code   RO         4476    .text               c_w.l(defsig_rtred_inner.o)
    0x00003594   0x00000050   Code   RO         4478    .text               c_w.l(defsig_rtmem_inner.o)
    0x000035e4   0x00000002   Code   RO         4490    .text               cpprt_w.l(arm_rethrow_noexceptions.o)
    0x000035e6   0x00000022   Code   RO         4496    .text               cpprt_w.l(aeabi_vec_dtor_noexceptions.o)
    0x00003608   0x0000003c   Code   RO         4499    .text               cpprt_w.l(arm_exceptions_mem.o)
    0x00003644   0x00000320   Code   RO         4535    .text               c_w.l(scanf_hexfp.o)
    0x00003964   0x00000134   Code   RO         4537    .text               c_w.l(scanf_infnan.o)
    0x00003a98   0x00000026   Code   RO         4563    .text               c_w.l(llshl.o)
    0x00003abe   0x0000001c   Code   RO         4575    .text               cpprt_w.l(ARM_vec_cleanup_noexceptions.o)
    0x00003ada   0x0000003e   Code   RO         4435    CL$$btod_d2e        c_w.l(btod.o)
    0x00003b18   0x00000046   Code   RO         4437    CL$$btod_d2e_denorm_low  c_w.l(btod.o)
    0x00003b5e   0x00000060   Code   RO         4436    CL$$btod_d2e_norm_op1  c_w.l(btod.o)
    0x00003bbe   0x00000338   Code   RO         4445    CL$$btod_div_common  c_w.l(btod.o)
    0x00003ef6   0x00000002   PAD
    0x00003ef8   0x00000054   Code   RO         4443    CL$$btod_e2d        c_w.l(btod.o)
    0x00003f4c   0x000000c6   Code   RO         4442    CL$$btod_e2e        c_w.l(btod.o)
    0x00004012   0x00000028   Code   RO         4439    CL$$btod_ediv       c_w.l(btod.o)
    0x0000403a   0x00000028   Code   RO         4441    CL$$btod_edivd      c_w.l(btod.o)
    0x00004062   0x00000028   Code   RO         4438    CL$$btod_emul       c_w.l(btod.o)
    0x0000408a   0x00000028   Code   RO         4440    CL$$btod_emuld      c_w.l(btod.o)
    0x000040b2   0x00000244   Code   RO         4444    CL$$btod_mult_common  c_w.l(btod.o)
    0x000042f6   0x00000006   Code   RO         2187    i.<Func4>           mbed.ar(Serial.LPC1768.o)
    0x000042fc   0x00000014   Code   RO         3759    i.<Func5>           cpp_ws.l(locale.o)
    0x00004310   0x00000038   Code   RO            2    i.NVIC_SetVector    cmsis_nvic.o
    0x00004348   0x00000078   Code   RO           15    i.SystemInit        system_LPC17xx.o
    0x000043c0   0x000000dc   Code   RO         1576    i._Z5setupv         main.o
    0x0000449c   0x00000020   Code   RO         4269    i._Z7catgetsPN4__rw8__rw_catEiiPKc  cpp_ws.l(rwcats.o)
    0x000044bc   0x00000022   Code   RO         4270    i._Z7catopenPKci    cpp_ws.l(rwcats.o)
    0x000044de   0x000001fa   Code   RO          569    i._ZN10QTRSensors4initEP7PinNamehS0_b  qtrsensors.o
    0x000046d8   0x00000038   Code   RO          793    i._ZN10QTRSensorsC2Ev  qtrsensors.o
    0x00004710   0x00000128   Code   RO          573    i._ZN10QTRSensorsD2Ev  qtrsensors.o
    0x00004838   0x0000002e   Code   RO          579    i._ZN16QTRSensorsAnalog4initEP7PinNamehhS0_  qtrsensors.o
    0x00004866   0x00000002   PAD
    0x00004868   0x0000003c   Code   RO          580    i._ZN16QTRSensorsAnalogC1EP7PinNamehhS0_  qtrsensors.o
    0x000048a4   0x0000000e   Code   RO         1616    i._ZN16QTRSensorsAnalogD1Ev  main.o
    0x000048b2   0x00000046   Code   RO         3039    i._ZN27_INTERNAL_6_rtti_c_066a44b012tbc_downcastEPvPKSt9type_infoP28a_base_class_traversal_blockPN10__cxxabiv122__base_class_type_infoE  cpprt_w.l(rtti.o)
    0x000048f8   0x00000016   Code   RO         3040    i._ZN27_INTERNAL_6_rtti_c_066a44b017tbc_post_downcastEPvPKSt9type_infoP28a_base_class_traversal_blockPN10__cxxabiv122__base_class_type_infoE  cpprt_w.l(rtti.o)
    0x0000490e   0x00000002   PAD
    0x00004910   0x000000a4   Code   RO         3041    i._ZN27_INTERNAL_6_rtti_c_066a44b021traverse_base_classesEPvPKSt9type_infoP28a_base_class_traversal_blockPN10__cxxabiv122__base_class_type_infoE  cpprt_w.l(rtti.o)
    0x000049b4   0x000000c0   Code   RO         3042    i._ZN27_INTERNAL_6_rtti_c_066a44b023find_base_class_at_addrEPvS0_PKSt9type_infoS3_Pi  cpprt_w.l(rtti.o)
    0x00004a74   0x0000000e   Code   RO         3043    i._ZN27_INTERNAL_6_rtti_c_066a44b024get_virtual_base_pointerEPvPN10__cxxabiv122__base_class_type_infoE  cpprt_w.l(rtti.o)
    0x00004a82   0x00000002   PAD
    0x00004a84   0x000001e4   Code   RO         3044    i._ZN27_INTERNAL_6_rtti_c_066a44b028derived_to_base_conversion_rEPvPS0_PKSt9type_infoS4_jPiiPS4_P19a_result_virtualityS5_  cpprt_w.l(rtti.o)
    0x00004c68   0x00000058   Code   RO         2897    i._ZN37_INTERNAL_15_rwstdexcept_cpp_8697b68a4__rw13__rw_vfmatstrEPcjPKcSt9__va_list  cpp_ws.l(rwstdexcept.o)
    0x00004cc0   0x0000014c   Code   RO         2898    i._ZN37_INTERNAL_15_rwstdexcept_cpp_8697b68a4__rw13__rw_vfmatstrEPcjiSt9__va_list  cpp_ws.l(rwstdexcept.o)
    0x00004e0c   0x000000f8   Code   RO          237    i._ZN3PID10setTuningsEfff  pid.o
    0x00004f04   0x00000004   Code   RO          240    i._ZN3PID11setSetPointEf  pid.o
    0x00004f08   0x00000080   Code   RO          241    i._ZN3PID14setInputLimitsEff  pid.o
    0x00004f88   0x00000066   Code   RO          242    i._ZN3PID15setOutputLimitsEff  pid.o
    0x00004fee   0x00000004   Code   RO          243    i._ZN3PID15setProcessValueEf  pid.o
    0x00004ff2   0x0000004a   Code   RO          244    i._ZN3PID5resetEv   pid.o
    0x0000503c   0x00000178   Code   RO          245    i._ZN3PID7computeEv  pid.o
    0x000051b4   0x0000001e   Code   RO          247    i._ZN3PID7setModeEi  pid.o
    0x000051d2   0x00000002   PAD
    0x000051d4   0x00000058   Code   RO          255    i._ZN3PIDC1Effff    pid.o
    0x0000522c   0x0000000c   Code   RO         1401    i._ZN3QEI5indexEv   qei.o
    0x00005238   0x0000000c   Code   RO         1402    i._ZN3QEI5resetEv   qei.o
    0x00005244   0x000000c2   Code   RO         1403    i._ZN3QEI6encodeEv  qei.o
    0x00005306   0x00000008   Code   RO         1404    i._ZN3QEI9getPulsesEv  qei.o
    0x0000530e   0x00000002   PAD
    0x00005310   0x000000c8   Code   RO         1405    i._ZN3QEIC1E7PinNameS0_S0_iNS_8EncodingE  qei.o
    0x000053d8   0x00000026   Code   RO         1607    i._ZN3QEID1Ev       main.o
    0x000053fe   0x00000002   PAD
    0x00005400   0x0000005c   Code   RO         2900    i._ZN4__rw10__rw_throwEiz  cpp_ws.l(rwstdexcept.o)
    0x0000545c   0x00000020   Code   RO         2743    i._ZN4__rw13__rw_allocateEji  cpp_ws.l(rwalloc.o)
    0x0000547c   0x00000004   Code   RO         2744    i._ZN4__rw15__rw_deallocateEPvji  cpp_ws.l(rwalloc.o)
    0x00005480   0x00000002   Code   RO         3706    i._ZN4__rw15__rw_facet_base12_C_initfacetERKSt6locale  cpp_ws.l(char.o)
    0x00005482   0x00000002   PAD
    0x00005484   0x000000ec   Code   RO         3862    i._ZN4__rw15__rw_locale_impC1EPKcjj  cpp_ws.l(locale.o)
    0x00005570   0x0000001a   Code   RO         3900    i._ZN4__rw15__rw_locale_impD1Ev  cpp_ws.l(locale.o)
    0x0000558a   0x0000003a   Code   RO         3760    i._ZN4__rw21__rw_use_c_lib_localeC1EPKci  cpp_ws.l(locale.o)
    0x000055c4   0x00000018   Code   RO         3676    i._ZN4__rw21__rw_use_c_lib_localeD1Ev  cpp_ws.l(char.o)
    0x000055dc   0x00000098   Code   RO         4293    i._ZN4__rw25__rw_throw_exception_noexEiPc  cpp_ws.l(rwthrowproc_impl_noex.o)
    0x00005674   0x00000030   Code   RO         4273    i._ZN4__rw9__catfindEPNS_8__rw_catE  cpp_ws.l(rwcats.o)
    0x000056a4   0x0000003c   Code   RO         1978    i._ZN4mbed10DigitalOutC1E7PinNamePKc  mbed.ar(DigitalOut.LPC1768.o)
    0x000056e0   0x0000000e   Code   RO         2010    i._ZN4mbed10DigitalOutD0Ev  mbed.ar(DigitalOut.LPC1768.o)
    0x000056ee   0x00000004   Code   RO         1992    i._ZN4mbed10DigitalOutD1Ev  mbed.ar(DigitalOut.LPC1768.o)
    0x000056f2   0x00000018   Code   RO           47    i._ZN4mbed10DigitalOutaSEi  motor.o
    0x0000570a   0x0000003a   Code   RO         2521    i._ZN4mbed10FileHandle4flenEv  mbed.ar(stdio.LPC1768.o)
    0x00005744   0x000000b8   Code   RO         2152    i._ZN4mbed11InterruptIn15setup_interruptEii  mbed.ar(InterruptIn.LPC1768.o)
    0x000057fc   0x000000a8   Code   RO         2153    i._ZN4mbed11InterruptIn4_irqEv  mbed.ar(InterruptIn.LPC1768.o)
    0x000058a4   0x00000006   Code   RO         2156    i._ZN4mbed11InterruptIn4readEv  mbed.ar(InterruptIn.LPC1768.o)
    0x000058aa   0x00000002   PAD
    0x000058ac   0x00000034   Code   RO         2158    i._ZN4mbed11InterruptInC1E7PinNamePKc  mbed.ar(InterruptIn.LPC1768.o)
    0x000058e0   0x0000000e   Code   RO         2184    i._ZN4mbed11InterruptInD0Ev  mbed.ar(InterruptIn.LPC1768.o)
    0x000058ee   0x00000004   Code   RO         2181    i._ZN4mbed11InterruptInD1Ev  mbed.ar(InterruptIn.LPC1768.o)
    0x000058f2   0x00000002   PAD
    0x000058f4   0x0000003c   Code   RO         2103    i._ZN4mbed12DigitalInOutC1E7PinNamePKc  mbed.ar(DigitalInOut.LPC1768.o)
    0x00005930   0x0000000e   Code   RO         2147    i._ZN4mbed12DigitalInOutD0Ev  mbed.ar(DigitalInOut.LPC1768.o)
    0x0000593e   0x0000001a   Code   RO         2529    i._ZN4mbed15FunctionPointer4callEv  mbed.ar(FunctionPointer.LPC1768.o)
    0x00005958   0x00000008   Code   RO         2531    i._ZN4mbed15FunctionPointerC1EPFvvE  mbed.ar(FunctionPointer.LPC1768.o)
    0x00005960   0x00000030   Code   RO         2021    i._ZN4mbed4Base5clearEPKcPc  mbed.ar(Base.LPC1768.o)
    0x00005990   0x00000038   Code   RO         2022    i._ZN4mbed4Base6lookupEPKcj  mbed.ar(Base.LPC1768.o)
    0x000059c8   0x00000040   Code   RO         2025    i._ZN4mbed4Base9list_objsEPKcPc  mbed.ar(Base.LPC1768.o)
    0x00005a08   0x00000024   Code   RO         2026    i._ZN4mbed4BaseC1EPKc  mbed.ar(Base.LPC1768.o)
    0x00005a2c   0x00000034   Code   RO         2027    i._ZN4mbed4BaseD0Ev  mbed.ar(Base.LPC1768.o)
    0x00005a60   0x00000038   Code   RO         2028    i._ZN4mbed4BaseD1Ev  mbed.ar(Base.LPC1768.o)
    0x00005a98   0x00000028   Code   RO         1864    i._ZN4mbed5Timer4readEv  mbed.ar(Timer.LPC1768.o)
    0x00005ac0   0x00000010   Code   RO         1866    i._ZN4mbed5Timer5resetEv  mbed.ar(Timer.LPC1768.o)
    0x00005ad0   0x00000010   Code   RO         1867    i._ZN4mbed5Timer5startEv  mbed.ar(Timer.LPC1768.o)
    0x00005ae0   0x00000020   Code   RO         1871    i._ZN4mbed5TimerC1EPKc  mbed.ar(Timer.LPC1768.o)
    0x00005b00   0x0000000e   Code   RO         1928    i._ZN4mbed5TimerD0Ev  mbed.ar(Timer.LPC1768.o)
    0x00005b0e   0x00000004   Code   RO         1904    i._ZN4mbed5TimerD1Ev  mbed.ar(Timer.LPC1768.o)
    0x00005b12   0x00000006   Code   RO         1780    i._ZN4mbed6PwmOut6periodEf  mbed.ar(PwmOut.LPC1768.o)
    0x00005b18   0x00000020   Code   RO         1783    i._ZN4mbed6PwmOutC1E7PinNamePKc  mbed.ar(PwmOut.LPC1768.o)
    0x00005b38   0x0000000e   Code   RO         1851    i._ZN4mbed6PwmOutD0Ev  mbed.ar(PwmOut.LPC1768.o)
    0x00005b46   0x0000000e   Code   RO         1785    i._ZN4mbed6PwmOutaSEf  mbed.ar(PwmOut.LPC1768.o)
    0x00005b54   0x00000006   Code   RO         2192    i._ZN4mbed6Serial4baudEi  mbed.ar(Serial.LPC1768.o)
    0x00005b5a   0x0000000e   Code   RO         2194    i._ZN4mbed6Serial5_putcEi  mbed.ar(Serial.LPC1768.o)
    0x00005b68   0x00000090   Code   RO         2199    i._ZN4mbed6SerialC1E7PinNameS1_PKc  mbed.ar(Serial.LPC1768.o)
    0x00005bf8   0x0000000e   Code   RO         2264    i._ZN4mbed6SerialD0Ev  mbed.ar(Serial.LPC1768.o)
    0x00005c06   0x00000004   Code   RO         2246    i._ZN4mbed6SerialD1Ev  mbed.ar(Serial.LPC1768.o)
    0x00005c0a   0x0000001e   Code   RO         2281    i._ZN4mbed6Stream6printfEPKcz  mbed.ar(Stream.LPC1768.o)
    0x00005c28   0x00000040   Code   RO         2282    i._ZN4mbed6StreamC2EPKc  mbed.ar(Stream.LPC1768.o)
    0x00005c68   0x00000024   Code   RO         2283    i._ZN4mbed6StreamD0Ev  mbed.ar(Stream.LPC1768.o)
    0x00005c8c   0x00000020   Code   RO         2284    i._ZN4mbed6StreamD2Ev  mbed.ar(Stream.LPC1768.o)
    0x00005cac   0x00000020   Code   RO         1937    i._ZN4mbed8AnalogInC1E7PinNamePKc  mbed.ar(AnalogIn.LPC1768.o)
    0x00005ccc   0x0000000e   Code   RO         1971    i._ZN4mbed8AnalogInD0Ev  mbed.ar(AnalogIn.LPC1768.o)
    0x00005cda   0x00000002   PAD
    0x00005cdc   0x0000003c   Code   RO         2435    i._ZN4mbed8FileLikeD0Ev  mbed.ar(stdio.LPC1768.o)
    0x00005d18   0x00000034   Code   RO         2436    i._ZN4mbed8FileLikeD2Ev  mbed.ar(stdio.LPC1768.o)
    0x00005d4c   0x0000001a   Code   RO           19    i._ZN5Motor5brakeEv  motor.o
    0x00005d66   0x0000005c   Code   RO           21    i._ZN5Motor5speedEf  motor.o
    0x00005dc2   0x00000002   PAD
    0x00005dc4   0x00000054   Code   RO           22    i._ZN5MotorC1E7PinNameS0_S0_  motor.o
    0x00005e18   0x00000026   Code   RO         1613    i._ZN5MotorD1Ev     main.o
    0x00005e3e   0x00000004   Code   RO         3019    i._ZNKSt14__rw_exception4whatEv  cpp_ws.l(rwstdexcept.o)
    0x00005e42   0x00000072   Code   RO         3937    i._ZNKSt18__rw_messages_base11_C_cat_openERKSsRKSt6locale  cpp_ws.l(messages.o)
    0x00005eb4   0x00000020   Code   RO         3940    i._ZNKSt18__rw_messages_base13_C_get_localeEi  cpp_ws.l(messages.o)
    0x00005ed4   0x00000034   Code   RO         3941    i._ZNKSt18__rw_messages_base14_C_get_messageEiii  cpp_ws.l(messages.o)
    0x00005f08   0x0000000e   Code   RO         3646    i._ZNKSt5ctypeIcE2isENSt10ctype_base4maskEc  cpp_ws.l(char.o)
    0x00005f16   0x00000002   PAD
    0x00005f18   0x00000108   Code   RO         3765    i._ZNKSt6locale13_C_make_facetERKNS_2idEbiPFPN4__rw15__rw_facet_baseEiPKcjE  cpp_ws.l(locale.o)
    0x00006020   0x00000074   Code   RO         3767    i._ZNKSt6locale16_C_install_facetEPN4__rw15__rw_facet_baseERKNS_2idE  cpp_ws.l(locale.o)
    0x00006094   0x00000030   Code   RO         3768    i._ZNKSt6locale4nameEv  cpp_ws.l(locale.o)
    0x000060c4   0x00000020   Code   RO         4037    i._ZNKSt9type_infoeqERKS_  cpprt_w.l(type_info_eq.o)
    0x000060e4   0x0000000c   Code   RO         3621    i._ZNSt11char_traitsIcE4copyEPcPKcj  cpp_ws.l(char.o)
    0x000060f0   0x000000cc   Code   RO         3507    i._ZNSt12ctype_bynameIcE17_C_get_mask_tableEPKc  cpp_ws.l(char.o)
    0x000061bc   0x00000120   Code   RO         3509    i._ZNSt12ctype_bynameIcEC1EPKcj  cpp_ws.l(char.o)
    0x000062dc   0x0000000e   Code   RO         3753    i._ZNSt12ctype_bynameIcED0Ev  cpp_ws.l(char.o)
    0x000062ea   0x00000008   Code   RO         3750    i._ZNSt12ctype_bynameIcED1Ev  cpp_ws.l(char.o)
    0x000062f2   0x00000002   PAD
    0x000062f4   0x00000084   Code   RO         2903    i._ZNSt14__rw_exception10_C_vformatEiSt9__va_list  cpp_ws.l(rwstdexcept.o)
    0x00006378   0x00000014   Code   RO         2969    i._ZNSt14__rw_exceptionC1Ev  cpp_ws.l(rwstdexcept.o)
    0x0000638c   0x0000001c   Code   RO         3013    i._ZNSt14__rw_exceptionD1Ev  cpp_ws.l(rwstdexcept.o)
    0x000063a8   0x00000008   Code   RO         2966    i._ZNSt18__rw_messages_baseD1Ev  cpp_ws.l(rwstdexcept.o)
    0x000063b0   0x0000001a   Code   RO         3977    i._ZNSt18__rw_open_cat_dataC1Ev  cpp_ws.l(messages.o)
    0x000063ca   0x0000000c   Code   RO         3974    i._ZNSt18__rw_open_cat_dataD1Ev  cpp_ws.l(messages.o)
    0x000063d6   0x00000012   Code   RO         3980    i._ZNSt18__rw_open_cat_dataaSERKS_  cpp_ws.l(messages.o)
    0x000063e8   0x000000fa   Code   RO         3511    i._ZNSt5ctypeIcE12_C_initfacetERKSt6locale  cpp_ws.l(char.o)
    0x000064e2   0x00000002   PAD
    0x000064e4   0x00000118   Code   RO         3513    i._ZNSt5ctypeIcEC1EPKNSt10ctype_base4maskEbj  cpp_ws.l(char.o)
    0x000065fc   0x0000000e   Code   RO         3649    i._ZNSt5ctypeIcED0Ev  cpp_ws.l(char.o)
    0x0000660a   0x00000002   PAD
    0x0000660c   0x0000002c   Code   RO         3578    i._ZNSt5ctypeIcED1Ev  cpp_ws.l(char.o)
    0x00006638   0x0000000e   Code   RO         3010    i._ZNSt6locale5facetD0Ev  cpp_ws.l(rwstdexcept.o)
    0x00006646   0x00000002   PAD
    0x00006648   0x00000084   Code   RO         3771    i._ZNSt6locale7_C_initEv  cpp_ws.l(locale.o)
    0x000066cc   0x00000044   Code   RO         3773    i._ZNSt6locale7classicEv  cpp_ws.l(locale.o)
    0x00006710   0x00000020   Code   RO         3903    i._ZNSt6localeC1EPN4__rw15__rw_locale_impE  cpp_ws.l(locale.o)
    0x00006730   0x0000000c   Code   RO         3983    i._ZNSt6localeC1ERKS_  cpp_ws.l(messages.o)
    0x0000673c   0x00000020   Code   RO         2962    i._ZNSt6localeC1Ev  cpp_ws.l(rwstdexcept.o)
    0x0000675c   0x00000020   Code   RO         3878    i._ZNSt6localeD1Ev  cpp_ws.l(locale.o)
    0x0000677c   0x00000032   Code   RO         3781    i._ZNSt6localeaSERKS_  cpp_ws.l(locale.o)
    0x000067ae   0x0000000e   Code   RO         2984    i._ZNSt8messagesIcED0Ev  cpp_ws.l(rwstdexcept.o)
    0x000067bc   0x00000010   Code   RO         2953    i._ZNSt8messagesIcED1Ev  cpp_ws.l(rwstdexcept.o)
    0x000067cc   0x0000000c   Code   RO         4014    i._ZNSt9exceptionC1Ev  cpprt_w.l(exception_ctor.o)
    0x000067d8   0x0000003c   Code   RO         3958    i._ZSt13__rw_get_catsv  cpp_ws.l(messages.o)
    0x00006814   0x00000004   Code   RO         2285    i._ZThn16_N4mbed6Stream4flenEv  mbed.ar(Stream.LPC1768.o)
    0x00006818   0x00000004   Code   RO         2287    i._ZThn16_N4mbed6Stream5closeEv  mbed.ar(Stream.LPC1768.o)
    0x0000681c   0x00000004   Code   RO         2289    i._ZThn16_N4mbed6Stream5lseekEli  mbed.ar(Stream.LPC1768.o)
    0x00006820   0x0000002c   Code   RO         2290    i._ZThn16_N4mbed6Stream5writeEPKvj  mbed.ar(Stream.LPC1768.o)
    0x0000684c   0x00000004   Code   RO         2291    i._ZThn16_N4mbed6Stream6isattyEv  mbed.ar(Stream.LPC1768.o)
    0x00006850   0x00000008   Code   RO         3022    i._ZdaPv            cpprt_w.l(array_del.o)
    0x00006858   0x00000008   Code   RO         3029    i._ZdlPv            cpprt_w.l(delete.o)
    0x00006860   0x00000008   Code   RO         3025    i._Znaj             cpprt_w.l(array_new.o)
    0x00006868   0x00000028   Code   RO         3032    i._Znwj             cpprt_w.l(new.o)
    0x00006890   0x00000092   Code   RO         4551    i.__ARM_array_new_general  cpprt_w.l(array_new_general.o)
    0x00006922   0x00000020   Code   RO         3067    i.__ARM_common_get_typeid  cpprt_w.l(rtti.o)
    0x00006942   0x00000028   Code   RO         4523    i.__ARM_fpclassify  m_ws.l(fpclassify.o)
    0x0000696a   0x00000024   Code   RO         3173    i.__aeabi_vec_ctor_nocookie_nodtor  cpprt_w.l(aeabi_vec_ctor_nocookie_nodtor.o)
    0x0000698e   0x00000010   Code   RO         4382    i.__aeabi_vec_dtor_cookie  cpprt_w.l(aeabi_vec_dtor_cookie.o)
    0x0000699e   0x00000014   Code   RO         4379    i.__aeabi_vec_new_cookie  cpprt_w.l(aeabi_vec_new_cookie.o)
    0x000069b2   0x00000010   Code   RO         4364    i.__cxa_guard_acquire  cpprt_w.l(cxa_guard_acquire.o)
    0x000069c2   0x00000006   Code   RO         3036    i.__cxa_pure_virtual  cpprt_w.l(pure_virt.o)
    0x000069c8   0x00000018   Code   RO         4493    i.__cxa_vec_new     cpprt_w.l(cxa_vec_new.o)
    0x000069e0   0x00000070   Code   RO         3045    i.__derived_to_base_conversion  cpprt_w.l(rtti.o)
    0x00006a50   0x000000b4   Code   RO         3046    i.__dynamic_cast    cpprt_w.l(rtti.o)
    0x00006b04   0x0000000e   Code   RO         4089    i.__mathlib_dbl_overflow  m_ws.l(dunder.o)
    0x00006b12   0x00000002   PAD
    0x00006b14   0x00000010   Code   RO         4091    i.__mathlib_dbl_underflow  m_ws.l(dunder.o)
    0x00006b24   0x00000010   Code   RO         4525    i.__mathlib_narrow  m_ws.l(narrow.o)
    0x00006b34   0x00000088   Code   RO         4526    i.__mathlib_tofloat  m_ws.l(narrow.o)
    0x00006bbc   0x00000010   Code   RO         3782    i.__sti___10_locale_cpp_ff99fc7b  cpp_ws.l(locale.o)
    0x00006bcc   0x00000038   Code   RO         4274    i.__sti___10_rwcats_cpp_64e8068e  cpp_ws.l(rwcats.o)
    0x00006c04   0x00000024   Code   RO          582    i.__sti___14_QTRSensors_cpp_timer  qtrsensors.o
    0x00006c28   0x00000010   Code   RO         3515    i.__sti___8_char_cpp_a3dc957a  cpp_ws.l(char.o)
    0x00006c38   0x00000170   Code   RO         1577    i.__sti___8_main_cpp_8bb431b9  main.o
    0x00006da8   0x00000016   Code   RO         4579    i.__support_ldexp   m_ws.l(ldexp.o)
    0x00006dbe   0x00000002   PAD
    0x00006dc0   0x0000000c   Code   RO            8    i.__user_setup_stackheap  stackheap.o
    0x00006dcc   0x0000000e   Code   RO         3359    i._is_digit         c_w.l(__printf_wp.o)
    0x00006dda   0x00000002   PAD
    0x00006ddc   0x0000002c   Code   RO         2437    i._sys_close        mbed.ar(stdio.LPC1768.o)
    0x00006e08   0x00000028   Code   RO         2440    i._sys_flen         mbed.ar(stdio.LPC1768.o)
    0x00006e30   0x00000028   Code   RO         2441    i._sys_istty        mbed.ar(stdio.LPC1768.o)
    0x00006e58   0x00000184   Code   RO         2442    i._sys_open         mbed.ar(stdio.LPC1768.o)
    0x00006fdc   0x0000002c   Code   RO         2444    i._sys_seek         mbed.ar(stdio.LPC1768.o)
    0x00007008   0x00000054   Code   RO         2445    i._sys_write        mbed.ar(stdio.LPC1768.o)
    0x0000705c   0x00000048   Code   RO         2361    i.analogin_init     capi.ar(analogin_api.LPC1768.o)
    0x000070a4   0x00000016   Code   RO         2552    i.exit              capi.ar(exit.LPC1768.o)
    0x000070ba   0x0000001a   Code   RO         2685    i.fputc             c_w.l(fputc.o)
    0x000070d4   0x00000058   Code   RO         4560    i.frexp             m_ws.l(frexp.o)
    0x0000712c   0x00000030   Code   RO         2422    i.gpio_input        capi.ar(gpio_api.LPC1768.o)
    0x0000715c   0x00000070   Code   RO         2413    i.gpio_irq_falling  capi.ar(gpio_irq_api.LPC1768.o)
    0x000071cc   0x00000070   Code   RO         2416    i.gpio_irq_rising   capi.ar(gpio_irq_api.LPC1768.o)
    0x0000723c   0x00000030   Code   RO         2424    i.gpio_output       capi.ar(gpio_api.LPC1768.o)
    0x0000726c   0x00000018   Code   RO         2425    i.gpio_read         capi.ar(gpio_api.LPC1768.o)
    0x00007284   0x00000018   Code   RO         2426    i.gpio_write        capi.ar(gpio_api.LPC1768.o)
    0x0000729c   0x00000074   Code   RO         4580    i.ldexp             m_ws.l(ldexp.o)
    0x00007310   0x0000017c   Code   RO         1578    i.main              main.o
    0x0000748c   0x00000078   Code   RO         2591    i.mbed_die          capi.ar(utils_api.LPC1768.o)
    0x00007504   0x00000038   Code   RO         2554    i.pin_function      capi.ar(pinmap.LPC1768.o)
    0x0000753c   0x00000068   Code   RO         2555    i.pin_mode          capi.ar(pinmap.LPC1768.o)
    0x000075a4   0x0000003c   Code   RO         2556    i.pinmap_merge      capi.ar(pinmap.LPC1768.o)
    0x000075e0   0x00000058   Code   RO         2557    i.pinmap_peripheral  capi.ar(pinmap.LPC1768.o)
    0x00007638   0x000000cc   Code   RO         2558    i.pinmap_pinout     capi.ar(pinmap.LPC1768.o)
    0x00007704   0x00000068   Code   RO         2391    i.pwmout_init       capi.ar(pwmout_api.LPC1768.o)
    0x0000776c   0x00000020   Code   RO         2392    i.pwmout_period     capi.ar(pwmout_api.LPC1768.o)
    0x0000778c   0x00000078   Code   RO         2394    i.pwmout_period_us  capi.ar(pwmout_api.LPC1768.o)
    0x00007804   0x0000004c   Code   RO         2397    i.pwmout_pulsewidth_us  capi.ar(pwmout_api.LPC1768.o)
    0x00007850   0x00000050   Code   RO         2399    i.pwmout_write      capi.ar(pwmout_api.LPC1768.o)
    0x000078a0   0x00000074   Code   RO         3233    i.scalbn            m_ws.l(scalbn.o)
    0x00007914   0x0000000c   Code   RO         2566    i.semihost_exit     capi.ar(semihost_api.LPC1768.o)
    0x00007920   0x000001c8   Code   RO         2369    i.serial_baud       capi.ar(serial_api.LPC1768.o)
    0x00007ae8   0x00000094   Code   RO         2371    i.serial_format     capi.ar(serial_api.LPC1768.o)
    0x00007b7c   0x000000e4   Code   RO         2374    i.serial_init       capi.ar(serial_api.LPC1768.o)
    0x00007c60   0x0000000c   Code   RO         2376    i.serial_putc       capi.ar(serial_api.LPC1768.o)
    0x00007c6c   0x00000014   Code   RO         2539    i.timer_frequency   capi.ar(timer_api.LPC1768.o)
    0x00007c80   0x00000070   Code   RO         2540    i.timer_init        capi.ar(timer_api.LPC1768.o)
    0x00007cf0   0x00000004   Code   RO         2541    i.timer_read        capi.ar(timer_api.LPC1768.o)
    0x00007cf4   0x0000000c   Code   RO         2542    i.timer_start       capi.ar(timer_api.LPC1768.o)
    0x00007d00   0x00000038   Code   RO         2432    i.us_ticker_read    capi.ar(us_ticker_api.LPC1768.o)
    0x00007d38   0x0000001c   Code   RO         1768    i.wait_ms           capi.ar(wait_api.LPC1768.o)
    0x00007d54   0x0000002c   Code   RO         4215    locale$$code        c_w.l(lc_ctype_c.o)
    0x00007d80   0x0000002c   Code   RO         4218    locale$$code        c_w.l(lc_numeric_c.o)
    0x00007dac   0x00000014   Code   RO         3630    t._ZN4__rw12__string_refIcSt11char_traitsIcESaIcEE10_C_inc_refEv  cpp_ws.l(char.o)
    0x00007dc0   0x00000046   Code   RO         2975    t._ZN4__rw16__rw_facet_makerISt5ctypeIcEE13_C_maker_funcEiPKcj  cpp_ws.l(rwstdexcept.o)
    0x00007e06   0x0000001e   Code   RO          745    t._ZN4__rw17__rw_new_capacityISt6vectorIPN4mbed12DigitalInOutESaIS4_EEEEjjPKT_  qtrsensors.o
    0x00007e24   0x0000001e   Code   RO          781    t._ZN4__rw17__rw_new_capacityISt6vectorIPN4mbed8AnalogInESaIS4_EEEEjjPKT_  qtrsensors.o
    0x00007e42   0x00000056   Code   RO         3881    t._ZN4__rw18__rw_locale_vectorIPNS_15__rw_facet_baseEE6resizeEjRKS2_  cpp_ws.l(locale.o)
    0x00007e98   0x0000000e   Code   RO         3893    t._ZN4__rw18__rw_locale_vectorIPNS_15__rw_facet_baseEED1Ev  cpp_ws.l(locale.o)
    0x00007ea6   0x0000000e   Code   RO         4290    t._ZN4__rw18__rw_locale_vectorIPNS_8__rw_catEED1Ev  cpp_ws.l(rwcats.o)
    0x00007eb4   0x00000014   Code   RO         3896    t._ZN4__rw18__rw_locale_vectorISsED1Ev  cpp_ws.l(locale.o)
    0x00007ec8   0x00000088   Code   RO         3964    t._ZN4__rw18__rw_locale_vectorISt18__rw_open_cat_dataE6resizeEj  cpp_ws.l(messages.o)
    0x00007f50   0x00000014   Code   RO         3970    t._ZN4__rw18__rw_locale_vectorISt18__rw_open_cat_dataED1Ev  cpp_ws.l(messages.o)
    0x00007f64   0x00000020   Code   RO         1463    t._ZN4mbed11InterruptIn4fallI3QEIEEvPT_MS3_FvvE  qei.o
    0x00007f84   0x00000020   Code   RO         1457    t._ZN4mbed11InterruptIn4riseI3QEIEEvPT_MS3_FvvE  qei.o
    0x00007fa4   0x0000004e   Code   RO         1451    t._ZN4mbed15FunctionPointer12membercallerI3QEIEEvPvPc  qei.o
    0x00007ff2   0x00000002   PAD
    0x00007ff4   0x0000001c   Code   RO         1445    t._ZN4mbed15FunctionPointer6attachI3QEIEEvPT_MS3_FvvE  qei.o
    0x00008010   0x00000008   Code   RO          877    t._ZNKSt6vectorIPN4mbed12DigitalInOutESaIS2_EE3endEv  qtrsensors.o
    0x00008018   0x00000018   Code   RO          889    t._ZNKSt6vectorIPN4mbed12DigitalInOutESaIS2_EE4sizeEv  qtrsensors.o
    0x00008030   0x00000008   Code   RO          883    t._ZNKSt6vectorIPN4mbed12DigitalInOutESaIS2_EE5beginEv  qtrsensors.o
    0x00008038   0x0000000c   Code   RO          895    t._ZNKSt6vectorIPN4mbed12DigitalInOutESaIS2_EE8capacityEv  qtrsensors.o
    0x00008044   0x00000008   Code   RO          925    t._ZNKSt6vectorIPN4mbed8AnalogInESaIS2_EE3endEv  qtrsensors.o
    0x0000804c   0x00000018   Code   RO          937    t._ZNKSt6vectorIPN4mbed8AnalogInESaIS2_EE4sizeEv  qtrsensors.o
    0x00008064   0x00000008   Code   RO          931    t._ZNKSt6vectorIPN4mbed8AnalogInESaIS2_EE5beginEv  qtrsensors.o
    0x0000806c   0x0000000c   Code   RO          943    t._ZNKSt6vectorIPN4mbed8AnalogInESaIS2_EE8capacityEv  qtrsensors.o
    0x00008078   0x00000090   Code   RO         2947    t._ZNKSt8messagesIcE6do_getEiiiRKSs  cpp_ws.l(rwstdexcept.o)
    0x00008108   0x00000006   Code   RO         2972    t._ZNKSt8messagesIcE7do_openERKSsRKSt6locale  cpp_ws.l(rwstdexcept.o)
    0x0000810e   0x00000014   Code   RO          841    t._ZNSaIPN4mbed12DigitalInOutEE10deallocateEPS1_j  qtrsensors.o
    0x00008122   0x00000012   Code   RO          901    t._ZNSaIPN4mbed12DigitalInOutEE8allocateEjPKv  qtrsensors.o
    0x00008134   0x00000016   Code   RO          727    t._ZNSaIPN4mbed12DigitalInOutEE9constructEPS1_RKS1_  qtrsensors.o
    0x0000814a   0x00000014   Code   RO          859    t._ZNSaIPN4mbed8AnalogInEE10deallocateEPS1_j  qtrsensors.o
    0x0000815e   0x00000012   Code   RO          949    t._ZNSaIPN4mbed8AnalogInEE8allocateEjPKv  qtrsensors.o
    0x00008170   0x00000016   Code   RO          763    t._ZNSaIPN4mbed8AnalogInEE9constructEPS1_RKS1_  qtrsensors.o
    0x00008186   0x00000032   Code   RO         3850    t._ZNSs11_C_allocateEjjj  cpp_ws.l(locale.o)
    0x000081b8   0x00000018   Code   RO         3890    t._ZNSs7replaceEjjPKcj  cpp_ws.l(locale.o)
    0x000081d0   0x00000168   Code   RO         3568    t._ZNSs7replaceEjjPKcjjj  cpp_ws.l(char.o)
    0x00008338   0x00000074   Code   RO         3556    t._ZNSs9_C_getRepEjj  cpp_ws.l(char.o)
    0x000083ac   0x00000048   Code   RO         3565    t._ZNSs9_C_unlinkEv  cpp_ws.l(char.o)
    0x000083f4   0x00000038   Code   RO         3853    t._ZNSsC1EPKcRKSaIcE  cpp_ws.l(locale.o)
    0x0000842c   0x00000010   Code   RO         3887    t._ZNSsC1ERKSaIcE   cpp_ws.l(locale.o)
    0x0000843c   0x0000003e   Code   RO         3559    t._ZNSsC1ERKSs      cpp_ws.l(char.o)
    0x0000847a   0x0000000c   Code   RO         3639    t._ZNSsD1Ev         cpp_ws.l(char.o)
    0x00008486   0x00000002   PAD
    0x00008488   0x0000004c   Code   RO         3859    t._ZNSsaSEPKc       cpp_ws.l(locale.o)
    0x000084d4   0x0000003e   Code   RO         3856    t._ZNSsaSERKSs      cpp_ws.l(locale.o)
    0x00008512   0x00000012   Code   RO          697    t._ZNSt6vectorIPN4mbed12DigitalInOutESaIS2_EE10_C_destroyEPS2_S5_  qtrsensors.o
    0x00008524   0x00000116   Code   RO          805    t._ZNSt6vectorIPN4mbed12DigitalInOutESaIS2_EE13_C_insert_auxEPS2_RKS2_  qtrsensors.o
    0x0000863a   0x00000008   Code   RO          847    t._ZNSt6vectorIPN4mbed12DigitalInOutESaIS2_EE3endEv  qtrsensors.o
    0x00008642   0x00000058   Code   RO          913    t._ZNSt6vectorIPN4mbed12DigitalInOutESaIS2_EE4swapERS4_  qtrsensors.o
    0x0000869a   0x00000008   Code   RO          853    t._ZNSt6vectorIPN4mbed12DigitalInOutESaIS2_EE5beginEv  qtrsensors.o
    0x000086a2   0x0000006a   Code   RO          919    t._ZNSt6vectorIPN4mbed12DigitalInOutESaIS2_EE5eraseEPS2_S5_  qtrsensors.o
    0x0000870c   0x000000d4   Code   RO          823    t._ZNSt6vectorIPN4mbed12DigitalInOutESaIS2_EE7reserveEj  qtrsensors.o
    0x000087e0   0x00000010   Code   RO          721    t._ZNSt6vectorIPN4mbed12DigitalInOutESaIS2_EEC1ERKS3_  qtrsensors.o
    0x000087f0   0x00000082   Code   RO          982    t._ZNSt6vectorIPN4mbed12DigitalInOutESaIS2_EEC1ERKS4_  qtrsensors.o
    0x00008872   0x00000032   Code   RO          703    t._ZNSt6vectorIPN4mbed12DigitalInOutESaIS2_EED1Ev  qtrsensors.o
    0x000088a4   0x00000172   Code   RO          751    t._ZNSt6vectorIPN4mbed12DigitalInOutESaIS2_EEaSERKS4_  qtrsensors.o
    0x00008a16   0x00000012   Code   RO          967    t._ZNSt6vectorIPN4mbed12DigitalInOutESaIS2_EEixEj  qtrsensors.o
    0x00008a28   0x00000012   Code   RO          709    t._ZNSt6vectorIPN4mbed8AnalogInESaIS2_EE10_C_destroyEPS2_S5_  qtrsensors.o
    0x00008a3a   0x00000116   Code   RO          817    t._ZNSt6vectorIPN4mbed8AnalogInESaIS2_EE13_C_insert_auxEPS2_RKS2_  qtrsensors.o
    0x00008b50   0x00000008   Code   RO          865    t._ZNSt6vectorIPN4mbed8AnalogInESaIS2_EE3endEv  qtrsensors.o
    0x00008b58   0x00000058   Code   RO          955    t._ZNSt6vectorIPN4mbed8AnalogInESaIS2_EE4swapERS4_  qtrsensors.o
    0x00008bb0   0x00000008   Code   RO          871    t._ZNSt6vectorIPN4mbed8AnalogInESaIS2_EE5beginEv  qtrsensors.o
    0x00008bb8   0x0000006a   Code   RO          961    t._ZNSt6vectorIPN4mbed8AnalogInESaIS2_EE5eraseEPS2_S5_  qtrsensors.o
    0x00008c22   0x00000002   PAD
    0x00008c24   0x000000d4   Code   RO          829    t._ZNSt6vectorIPN4mbed8AnalogInESaIS2_EE7reserveEj  qtrsensors.o
    0x00008cf8   0x00000010   Code   RO          757    t._ZNSt6vectorIPN4mbed8AnalogInESaIS2_EEC1ERKS3_  qtrsensors.o
    0x00008d08   0x00000082   Code   RO          994    t._ZNSt6vectorIPN4mbed8AnalogInESaIS2_EEC1ERKS4_  qtrsensors.o
    0x00008d8a   0x00000032   Code   RO          715    t._ZNSt6vectorIPN4mbed8AnalogInESaIS2_EED1Ev  qtrsensors.o
    0x00008dbc   0x00000172   Code   RO          787    t._ZNSt6vectorIPN4mbed8AnalogInESaIS2_EEaSERKS4_  qtrsensors.o
    0x00008f2e   0x00000012   Code   RO          973    t._ZNSt6vectorIPN4mbed8AnalogInESaIS2_EEixEj  qtrsensors.o
    0x00008f40   0x0000002c   Code   RO          733    t._ZSt18uninitialized_copyIPKPN4mbed12DigitalInOutEPS2_SaIS2_EET0_T_S8_S7_RT1_  qtrsensors.o
    0x00008f6c   0x0000002c   Code   RO          769    t._ZSt18uninitialized_copyIPKPN4mbed8AnalogInEPS2_SaIS2_EET0_T_S8_S7_RT1_  qtrsensors.o
    0x00008f98   0x0000002c   Code   RO          799    t._ZSt18uninitialized_copyIPPN4mbed12DigitalInOutES3_SaIS2_EET0_T_S6_S5_RT1_  qtrsensors.o
    0x00008fc4   0x0000002c   Code   RO          811    t._ZSt18uninitialized_copyIPPN4mbed8AnalogInES3_SaIS2_EET0_T_S6_S5_RT1_  qtrsensors.o
    0x00008ff0   0x0000000c   Code   RO         3633    t._ZSt3maxIjERKT_S2_S2_  cpp_ws.l(char.o)
    0x00008ffc   0x00000014   Code   RO          739    t._ZSt4copyIPKPN4mbed12DigitalInOutEPS2_ET0_T_S7_S6_  qtrsensors.o
    0x00009010   0x00000014   Code   RO          775    t._ZSt4copyIPKPN4mbed8AnalogInEPS2_ET0_T_S7_S6_  qtrsensors.o
    0x00009024   0x0000000a   Code   RO          988    t._ZSt4swapIPPN4mbed12DigitalInOutEEvRT_S5_  qtrsensors.o
    0x0000902e   0x0000000a   Code   RO         1000    t._ZSt4swapIPPN4mbed8AnalogInEEvRT_S5_  qtrsensors.o
    0x00009038   0x00000062   Code   RO         3176    x$fpl$d2f           fz_ws.l(d2f.o)
    0x0000909a   0x00000002   PAD
    0x0000909c   0x00000010   Code   RO         4410    x$fpl$dcheck1       fz_ws.l(dcheck1.o)
    0x000090ac   0x00000018   Code   RO         4058    x$fpl$dcmpinf       fz_ws.l(dcmpi.o)
    0x000090c4   0x000002b0   Code   RO         3179    x$fpl$ddiv          fz_ws.l(ddiv.o)
    0x00009374   0x00000078   Code   RO         3182    x$fpl$deqf          fz_ws.l(deqf.o)
    0x000093ec   0x00000026   Code   RO         3188    x$fpl$dfltu         fz_ws.l(dflt_clz.o)
    0x00009412   0x00000002   PAD
    0x00009414   0x00000078   Code   RO         3194    x$fpl$dleqf         fz_ws.l(dleqf.o)
    0x0000948c   0x00000154   Code   RO         3196    x$fpl$dmul          fz_ws.l(dmul.o)
    0x000095e0   0x0000009c   Code   RO         4060    x$fpl$dnaninf       fz_ws.l(dnaninf.o)
    0x0000967c   0x0000000c   Code   RO         4062    x$fpl$dretinf       fz_ws.l(dretinf.o)
    0x00009688   0x0000006c   Code   RO         3198    x$fpl$drleqf        fz_ws.l(drleqf.o)
    0x000096f4   0x00000056   Code   RO         3200    x$fpl$f2d           fz_ws.l(f2d.o)
    0x0000974a   0x00000002   PAD
    0x0000974c   0x000000c4   Code   RO         3202    x$fpl$fadd          fz_ws.l(faddsub_clz.o)
    0x00009810   0x00000018   Code   RO         4064    x$fpl$fcmpinf       fz_ws.l(fcmpi.o)
    0x00009828   0x00000184   Code   RO         3209    x$fpl$fdiv          fz_ws.l(fdiv.o)
    0x000099ac   0x00000036   Code   RO         3212    x$fpl$ffix          fz_ws.l(ffix.o)
    0x000099e2   0x00000002   PAD
    0x000099e4   0x0000003e   Code   RO         3216    x$fpl$ffixu         fz_ws.l(ffixu.o)
    0x00009a22   0x00000002   PAD
    0x00009a24   0x00000030   Code   RO         3221    x$fpl$fflt          fz_ws.l(fflt_clz.o)
    0x00009a54   0x00000026   Code   RO         3220    x$fpl$ffltu         fz_ws.l(fflt_clz.o)
    0x00009a7a   0x00000002   PAD
    0x00009a7c   0x00000068   Code   RO         3226    x$fpl$fleqf         fz_ws.l(fleqf.o)
    0x00009ae4   0x00000102   Code   RO         3228    x$fpl$fmul          fz_ws.l(fmul.o)
    0x00009be6   0x0000008c   Code   RO         4066    x$fpl$fnaninf       fz_ws.l(fnaninf.o)
    0x00009c72   0x0000000a   Code   RO         4068    x$fpl$fretinf       fz_ws.l(fretinf.o)
    0x00009c7c   0x00000062   Code   RO         3230    x$fpl$frleqf        fz_ws.l(frleqf.o)
    0x00009cde   0x00000002   PAD
    0x00009ce0   0x000000ea   Code   RO         3204    x$fpl$fsub          fz_ws.l(faddsub_clz.o)
    0x00009dca   0x00000004   Code   RO         4072    x$fpl$printf1       fz_ws.l(printf1.o)
    0x00009dce   0x00000004   Code   RO         4074    x$fpl$printf2       fz_ws.l(printf2.o)
    0x00009dd2   0x00000064   Code   RO         4515    x$fpl$retnan        fz_ws.l(retnan.o)
    0x00009e36   0x0000005c   Code   RO         4080    x$fpl$scalbn        fz_ws.l(scalbn.o)
    0x00009e92   0x00000004   Code   RO         4082    x$fpl$scanf1        fz_ws.l(scanf1.o)
    0x00009e96   0x00000008   Code   RO         4517    x$fpl$scanf2        fz_ws.l(scanf2.o)
    0x00009e9e   0x00000030   Code   RO         4557    x$fpl$trapveneer    fz_ws.l(trapv.o)
    0x00009ece   0x00000000   Code   RO         4084    x$fpl$usenofp       fz_ws.l(usenofp.o)
    0x00009ece   0x00000002   PAD
    0x00009ed0   0x00000018   Data   RO         1413    .constdata          qei.o
    0x00009ee8   0x00000018   Data   RO         2048    .constdata          mbed.ar(Base.LPC1768.o)
    0x00009f00   0x0000006c   Data   RO         2364    .constdata          capi.ar(analogin_api.LPC1768.o)
    0x00009f6c   0x00000154   Data   RO         2379    .constdata          capi.ar(serial_api.LPC1768.o)
    0x0000a0c0   0x000000b4   Data   RO         2400    .constdata          capi.ar(pwmout_api.LPC1768.o)
    0x0000a174   0x00000017   Data   RO         2496    .constdata          mbed.ar(stdio.LPC1768.o)
    0x0000a18b   0x00000001   PAD
    0x0000a18c   0x0000005c   Data   RO         2923    .constdata          cpp_ws.l(rwstdexcept.o)
    0x0000a1e8   0x00000008   Data   RO         3318    .constdata          c_w.l(_printf_wctomb.o)
    0x0000a1f0   0x00000028   Data   RO         3347    .constdata          c_w.l(_printf_hex_int_ll_ptr.o)
    0x0000a218   0x00000011   Data   RO         3367    .constdata          c_w.l(__printf_flags_ss_wp.o)
    0x0000a229   0x00000001   PAD
    0x0000a22a   0x00000200   Data   RO         3535    .constdata          cpp_ws.l(char.o)
    0x0000a42a   0x00000026   Data   RO         4147    .constdata          c_w.l(_printf_fp_hex.o)
    0x0000a450   0x00000094   Data   RO         4433    .constdata          c_w.l(bigflt0.o)
    0x0000a4e4   0x0000000c   Data   RO         3157    .constdata__ZTIN10__cxxabiv117__class_type_infoE  cpprt_w.l(lib_rtti_impl.o)
    0x0000a4f0   0x0000000c   Data   RO         3158    .constdata__ZTIN10__cxxabiv120__si_class_type_infoE  cpprt_w.l(lib_rtti_impl.o)
    0x0000a4fc   0x0000000c   Data   RO         3159    .constdata__ZTIN10__cxxabiv121__vmi_class_type_infoE  cpprt_w.l(lib_rtti_impl.o)
    0x0000a508   0x0000000c   Data   RO         2013    .constdata__ZTIN4mbed10DigitalOutE  mbed.ar(DigitalOut.LPC1768.o)
    0x0000a514   0x00000008   Data   RO         2526    .constdata__ZTIN4mbed10FileHandleE  mbed.ar(stdio.LPC1768.o)
    0x0000a51c   0x0000000c   Data   RO         2179    .constdata__ZTIN4mbed11InterruptInE  mbed.ar(InterruptIn.LPC1768.o)
    0x0000a528   0x0000000c   Data   RO         2150    .constdata__ZTIN4mbed12DigitalInOutE  mbed.ar(DigitalInOut.LPC1768.o)
    0x0000a534   0x0000000c   Data   RO         2096    .constdata__ZTIN4mbed14FileSystemLikeE  mbed.ar(Base.LPC1768.o)
    0x0000a540   0x00000008   Data   RO         2073    .constdata__ZTIN4mbed4BaseE  mbed.ar(Base.LPC1768.o)
    0x0000a548   0x0000000c   Data   RO         1931    .constdata__ZTIN4mbed5TimerE  mbed.ar(Timer.LPC1768.o)
    0x0000a554   0x0000000c   Data   RO         1860    .constdata__ZTIN4mbed6PwmOutE  mbed.ar(PwmOut.LPC1768.o)
    0x0000a560   0x0000000c   Data   RO         2270    .constdata__ZTIN4mbed6SerialE  mbed.ar(Serial.LPC1768.o)
    0x0000a56c   0x0000000c   Data   RO         2358    .constdata__ZTIN4mbed6StreamE  mbed.ar(Stream.LPC1768.o)
    0x0000a578   0x0000000c   Data   RO         1974    .constdata__ZTIN4mbed8AnalogInE  mbed.ar(AnalogIn.LPC1768.o)
    0x0000a584   0x00000020   Data   RO         2525    .constdata__ZTIN4mbed8FileLikeE  mbed.ar(stdio.LPC1768.o)
    0x0000a5a4   0x00000008   Data   RO         4035    .constdata__ZTISt9type_info  cpprt_w.l(type_info_dtor.o)
    0x0000a5ac   0x00000022   Data   RO         3167    .constdata__ZTSN10__cxxabiv117__class_type_infoE  cpprt_w.l(lib_rtti_impl.o)
    0x0000a5ce   0x00000025   Data   RO         3168    .constdata__ZTSN10__cxxabiv120__si_class_type_infoE  cpprt_w.l(lib_rtti_impl.o)
    0x0000a5f3   0x00000026   Data   RO         3169    .constdata__ZTSN10__cxxabiv121__vmi_class_type_infoE  cpprt_w.l(lib_rtti_impl.o)
    0x0000a619   0x00000014   Data   RO         2014    .constdata__ZTSN4mbed10DigitalOutE  mbed.ar(DigitalOut.LPC1768.o)
    0x0000a62d   0x00000014   Data   RO         2528    .constdata__ZTSN4mbed10FileHandleE  mbed.ar(stdio.LPC1768.o)
    0x0000a641   0x00000015   Data   RO         2180    .constdata__ZTSN4mbed11InterruptInE  mbed.ar(InterruptIn.LPC1768.o)
    0x0000a656   0x00000016   Data   RO         2151    .constdata__ZTSN4mbed12DigitalInOutE  mbed.ar(DigitalInOut.LPC1768.o)
    0x0000a66c   0x00000018   Data   RO         2097    .constdata__ZTSN4mbed14FileSystemLikeE  mbed.ar(Base.LPC1768.o)
    0x0000a684   0x0000000d   Data   RO         2077    .constdata__ZTSN4mbed4BaseE  mbed.ar(Base.LPC1768.o)
    0x0000a691   0x0000000e   Data   RO         1932    .constdata__ZTSN4mbed5TimerE  mbed.ar(Timer.LPC1768.o)
    0x0000a69f   0x0000000f   Data   RO         1861    .constdata__ZTSN4mbed6PwmOutE  mbed.ar(PwmOut.LPC1768.o)
    0x0000a6ae   0x0000000f   Data   RO         2271    .constdata__ZTSN4mbed6SerialE  mbed.ar(Serial.LPC1768.o)
    0x0000a6bd   0x0000000f   Data   RO         2359    .constdata__ZTSN4mbed6StreamE  mbed.ar(Stream.LPC1768.o)
    0x0000a6cc   0x00000011   Data   RO         1975    .constdata__ZTSN4mbed8AnalogInE  mbed.ar(AnalogIn.LPC1768.o)
    0x0000a6dd   0x00000011   Data   RO         2527    .constdata__ZTSN4mbed8FileLikeE  mbed.ar(stdio.LPC1768.o)
    0x0000a6ee   0x0000000d   Data   RO         4036    .constdata__ZTSSt9type_info  cpprt_w.l(type_info_dtor.o)
    0x0000a6fb   0x00000001   PAD
    0x0000a6fc   0x0000000c   Data   RO         1007    .constdata__ZTV10QTRSensors  qtrsensors.o
    0x0000a708   0x0000000c   Data   RO          688    .constdata__ZTV16QTRSensorsAnalog  qtrsensors.o
    0x0000a714   0x00000010   Data   RO         3139    .constdata__ZTVN10__cxxabiv117__class_type_infoE  cpprt_w.l(lib_rtti_impl.o)
    0x0000a724   0x00000010   Data   RO         3141    .constdata__ZTVN10__cxxabiv120__si_class_type_infoE  cpprt_w.l(lib_rtti_impl.o)
    0x0000a734   0x00000010   Data   RO         3143    .constdata__ZTVN10__cxxabiv121__vmi_class_type_infoE  cpprt_w.l(lib_rtti_impl.o)
    0x0000a744   0x00000018   Data   RO         1991    .constdata__ZTVN4mbed10DigitalOutE  mbed.ar(DigitalOut.LPC1768.o)
    0x0000a75c   0x00000018   Data   RO         2178    .constdata__ZTVN4mbed11InterruptInE  mbed.ar(InterruptIn.LPC1768.o)
    0x0000a774   0x00000018   Data   RO         2122    .constdata__ZTVN4mbed12DigitalInOutE  mbed.ar(DigitalInOut.LPC1768.o)
    0x0000a78c   0x00000018   Data   RO         2069    .constdata__ZTVN4mbed4BaseE  mbed.ar(Base.LPC1768.o)
    0x0000a7a4   0x00000018   Data   RO         1901    .constdata__ZTVN4mbed5TimerE  mbed.ar(Timer.LPC1768.o)
    0x0000a7bc   0x00000018   Data   RO         1821    .constdata__ZTVN4mbed6PwmOutE  mbed.ar(PwmOut.LPC1768.o)
    0x0000a7d4   0x00000060   Data   RO         2245    .constdata__ZTVN4mbed6SerialE  mbed.ar(Serial.LPC1768.o)
    0x0000a834   0x00000060   Data   RO         2339    .constdata__ZTVN4mbed6StreamE  mbed.ar(Stream.LPC1768.o)
    0x0000a894   0x00000018   Data   RO         1957    .constdata__ZTVN4mbed8AnalogInE  mbed.ar(AnalogIn.LPC1768.o)
    0x0000a8ac   0x0000003c   Data   RO         2520    .constdata__ZTVN4mbed8FileLikeE  mbed.ar(stdio.LPC1768.o)
    0x0000a8e8   0x00000014   Data   RO         2998    .constdata__ZTVNSt6locale5facetE  cpp_ws.l(rwstdexcept.o)
    0x0000a8fc   0x00000034   Data   RO         3717    .constdata__ZTVSt12ctype_bynameIcE  cpp_ws.l(char.o)
    0x0000a930   0x00000014   Data   RO         3000    .constdata__ZTVSt14__rw_exception  cpp_ws.l(rwstdexcept.o)
    0x0000a944   0x00000034   Data   RO         3546    .constdata__ZTVSt5ctypeIcE  cpp_ws.l(char.o)
    0x0000a978   0x00000020   Data   RO         2936    .constdata__ZTVSt8messagesIcE  cpp_ws.l(rwstdexcept.o)
    0x0000a998   0x00000014   Data   RO         4024    .constdata__ZTVSt9exception  cpprt_w.l(exception_dtor.o)
    0x0000a9ac   0x00000001   Data   RO         3847    .constdata__ZZNK4__rw15__rw_locale_imp16_C_category_nameEiEs  cpp_ws.l(locale.o)
    0x0000a9ad   0x00000001   Data   RO         3554    .constdata__ZZNSs7replaceEjjPKcjjjEs  cpp_ws.l(char.o)
    0x0000a9ae   0x00000001   Data   RO         3555    .constdata__ZZNSs9_C_getRepEjjEs  cpp_ws.l(char.o)
    0x0000a9af   0x00000001   Data   RO          689    .constdata__ZZNSt6vectorIPN4mbed12DigitalInOutESaIS2_EE7reserveEjEs  qtrsensors.o
    0x0000a9b0   0x00000001   Data   RO          690    .constdata__ZZNSt6vectorIPN4mbed8AnalogInESaIS2_EE7reserveEjEs  qtrsensors.o
    0x0000a9b1   0x00000002   Data   RO         2937    .constdata__ZZNSt8messagesIcEC1EjEs  cpp_ws.l(rwstdexcept.o)
    0x0000a9b3   0x0000000e   Data   RO         2050    .conststring        mbed.ar(Base.LPC1768.o)
    0x0000a9c1   0x00000005   Data   RO         2051    .conststring        mbed.ar(Base.LPC1768.o)
    0x0000a9c6   0x00000002   PAD
    0x0000a9c8   0x00000272   Data   RO         2924    .conststring        cpp_ws.l(rwstdexcept.o)
    0x0000ac3a   0x00000002   PAD
    0x0000ac3c   0x00000020   Data   RO         4591    Region$$Table       anon$$obj.o
    0x0000ac5c   0x00000008   Data   RO         4512    c$$dinf             fz_ws.l(fpconst.o)
    0x0000ac64   0x00000110   Data   RO         4214    locale$$data        c_w.l(lc_ctype_c.o)
    0x0000ad74   0x0000001c   Data   RO         4217    locale$$data        c_w.l(lc_numeric_c.o)
    0x0000ad90   0x00000010   Data   RO         4541    locale$$data        c_w.l(null_locale.o)
    0x0000ada0   0x00000004   Data   RO          606    .init_array         qtrsensors.o
    0x0000ada4   0x00000004   Data   RO         1585    .init_array         main.o
    0x0000ada8   0x00000000   Data   RO         2738    .init_array         c_w.l(init_aeabi.o)
    0x0000ada8   0x00000004   Data   RO         3537    .init_array         cpp_ws.l(char.o)
    0x0000adac   0x00000004   Data   RO         3830    .init_array         cpp_ws.l(locale.o)
    0x0000adb0   0x00000004   Data   RO         4284    .init_array         cpp_ws.l(rwcats.o)


    Execution Region RW_IRAM1 (Base: 0x10000000, Size: 0x000008ac, Max: 0x00008000, ABSOLUTE, COMPRESSED[0x00000054])

    Base Addr    Size         Type   Attr      Idx    E Section Name        Object

    0x10000000   0x000000c4   Data   RW            3    .ARM.__AT_0x10000000  cmsis_nvic.o
    0x100000c4   0x00000004   Data   RW           16    .data               system_LPC17xx.o
    0x100000c8   0x00000018   Data   RW         1584    .data               main.o
    0x100000e0   0x00000008   Data   RW         2052    .data               mbed.ar(Base.LPC1768.o)
    0x100000e8   0x0000000c   Data   RW         2053    .data               mbed.ar(Base.LPC1768.o)
    0x100000f4   0x0000001c   Data   RW         2401    .data               capi.ar(pwmout_api.LPC1768.o)
    0x10000110   0x00000004   Data   RW         2433    .data               capi.ar(us_ticker_api.LPC1768.o)
    0x10000114   0x00000004   Data   RW         2697    .data               c_w.l(stdio_streams.o)
    0x10000118   0x00000004   Data   RW         2698    .data               c_w.l(stdio_streams.o)
    0x1000011c   0x00000004   Data   RW         2699    .data               c_w.l(stdio_streams.o)
    0x10000120   0x00000017   Data   RW         2925    .data               cpp_ws.l(rwstdexcept.o)
    0x10000137   0x00000001   PAD
    0x10000138   0x00000008   Data   RW         3536    .data               cpp_ws.l(char.o)
    0x10000140   0x0000001c   Data   RW         3829    .data               cpp_ws.l(locale.o)
    0x1000015c   0x00000004   Data   RW         3988    .data               cpp_ws.l(rwthrowproc_noex.o)
    0x10000160   0x00000004   Data   RW         4247    .data               c_w.l(heapauxa.o)
    0x10000164   0x00000008   Data   RW         4283    .data               cpp_ws.l(rwcats.o)
    0x1000016c   0x00000004   Data   RW         3930    .data__ZZNKSt6locale2id7_C_initEvE9_C_id_gen  cpp_ws.l(locale.o)
    0x10000170   0x0000000c   Data   RW         3986    .data__ZZSt13__rw_get_catsvE11__open_cats  cpp_ws.l(messages.o)
    0x1000017c   0x0000001c   Zero   RW          604    .bss                qtrsensors.o
    0x10000198   0x0000049c   Zero   RW         1583    .bss                main.o
    0x10000634   0x000000c0   Zero   RW         2168    .bss                mbed.ar(InterruptIn.LPC1768.o)
    0x100006f4   0x00000040   Zero   RW         2495    .bss                mbed.ar(stdio.LPC1768.o)
    0x10000734   0x00000054   Zero   RW         2694    .bss                c_w.l(stdio_streams.o)
    0x10000788   0x00000054   Zero   RW         2695    .bss                c_w.l(stdio_streams.o)
    0x100007dc   0x00000054   Zero   RW         2696    .bss                c_w.l(stdio_streams.o)
    0x10000830   0x00000018   Zero   RW         2922    .bss                cpp_ws.l(rwstdexcept.o)
    0x10000848   0x00000004   Zero   RW         3256    .bss                c_w.l(rt_heap_descriptor.o)
    0x1000084c   0x00000004   Zero   RW         3261    .bss                c_w.l(rt_new_handler_addr.o)
    0x10000850   0x00000004   Zero   RW         3266    .bss                c_w.l(rt_ddtor_pointer_addr.o)
    0x10000854   0x00000004   Zero   RW         3271    .bss                c_w.l(rt_errno_addr.o)
    0x10000858   0x00000014   Zero   RW         4126    .bss                c_w.l(rt_locale.o)
    0x1000086c   0x0000002a   Zero   RW         4199    .bss                c_w.l(locale.o)
    0x10000896   0x00000002   PAD
    0x10000898   0x00000004   Zero   RW         4418    .bss                c_w.l(rt_eh_globals_addr.o)
    0x1000089c   0x00000010   Zero   RW         4357    .bss__ZNSs9__nullrefE  cpp_ws.l(vendor.o)


    Execution Region RW_IRAM2 (Base: 0x2007c000, Size: 0x00000000, Max: 0x00004000, ABSOLUTE)

    **** No section assigned to this execution region ****


    Execution Region RW_IRAM3 (Base: 0x20080000, Size: 0x00000000, Max: 0x00004000, ABSOLUTE)

    **** No section assigned to this execution region ****


    Execution Region RW_IRAM4 (Base: 0x40038000, Size: 0x00000000, Max: 0x00000800, ABSOLUTE)

    **** No section assigned to this execution region ****

